Archive member included because of file (symbol)

c:/users/20109/onedrive/desktop/imt/tools/imt_sdk_win_64/winavr/bin/../lib/gcc/avr/4.3.3/avr5\libgcc.a(_udivmodqi4.o)
                              ./HAL/HR_OXIMETER/HR_OXIMETER_prg.o (__udivmodqi4)
c:/users/20109/onedrive/desktop/imt/tools/imt_sdk_win_64/winavr/bin/../lib/gcc/avr/4.3.3/avr5\libgcc.a(_divmodsi4.o)
                              ./HAL/HR_OXIMETER/HR_OXIMETER_prg.o (__divmodsi4)
c:/users/20109/onedrive/desktop/imt/tools/imt_sdk_win_64/winavr/bin/../lib/gcc/avr/4.3.3/avr5\libgcc.a(_exit.o)
                              c:/users/20109/onedrive/desktop/imt/tools/imt_sdk_win_64/winavr/bin/../lib/gcc/avr/4.3.3/../../../../avr/lib/avr5/crtm328p.o (exit)
c:/users/20109/onedrive/desktop/imt/tools/imt_sdk_win_64/winavr/bin/../lib/gcc/avr/4.3.3/avr5\libgcc.a(_copy_data.o)
                              ./Service/JSON/JSON_prg.o (__do_copy_data)
c:/users/20109/onedrive/desktop/imt/tools/imt_sdk_win_64/winavr/bin/../lib/gcc/avr/4.3.3/avr5\libgcc.a(_clear_bss.o)
                              ./Service/TIME/TIME_prg.o (__do_clear_bss)
c:/users/20109/onedrive/desktop/imt/tools/imt_sdk_win_64/winavr/bin/../lib/gcc/avr/4.3.3/avr5\libgcc.a(_fixunssfsi.o)
                              ./MCAL/TIM0/TIM0_prg.o (__fixunssfsi)
c:/users/20109/onedrive/desktop/imt/tools/imt_sdk_win_64/winavr/bin/../lib/gcc/avr/4.3.3/avr5\libgcc.a(_addsub_sf.o)
                              ./Service/JSON/JSON_prg.o (__subsf3)
c:/users/20109/onedrive/desktop/imt/tools/imt_sdk_win_64/winavr/bin/../lib/gcc/avr/4.3.3/avr5\libgcc.a(_mul_sf.o)
                              ./Service/JSON/JSON_prg.o (__mulsf3)
c:/users/20109/onedrive/desktop/imt/tools/imt_sdk_win_64/winavr/bin/../lib/gcc/avr/4.3.3/avr5\libgcc.a(_div_sf.o)
                              ./MCAL/TIM0/TIM0_prg.o (__divsf3)
c:/users/20109/onedrive/desktop/imt/tools/imt_sdk_win_64/winavr/bin/../lib/gcc/avr/4.3.3/avr5\libgcc.a(_gt_sf.o)
                              ./HAL/HR_OXIMETER/HR_OXIMETER_prg.o (__gtsf2)
c:/users/20109/onedrive/desktop/imt/tools/imt_sdk_win_64/winavr/bin/../lib/gcc/avr/4.3.3/avr5\libgcc.a(_ge_sf.o)
                              ./HAL/HR_OXIMETER/HR_OXIMETER_prg.o (__gesf2)
c:/users/20109/onedrive/desktop/imt/tools/imt_sdk_win_64/winavr/bin/../lib/gcc/avr/4.3.3/avr5\libgcc.a(_lt_sf.o)
                              ./HAL/HR_OXIMETER/HR_OXIMETER_prg.o (__ltsf2)
c:/users/20109/onedrive/desktop/imt/tools/imt_sdk_win_64/winavr/bin/../lib/gcc/avr/4.3.3/avr5\libgcc.a(_si_to_sf.o)
                              ./Service/JSON/JSON_prg.o (__floatsisf)
c:/users/20109/onedrive/desktop/imt/tools/imt_sdk_win_64/winavr/bin/../lib/gcc/avr/4.3.3/avr5\libgcc.a(_sf_to_si.o)
                              ./Service/JSON/JSON_prg.o (__fixsfsi)
c:/users/20109/onedrive/desktop/imt/tools/imt_sdk_win_64/winavr/bin/../lib/gcc/avr/4.3.3/avr5\libgcc.a(_thenan_sf.o)
                              c:/users/20109/onedrive/desktop/imt/tools/imt_sdk_win_64/winavr/bin/../lib/gcc/avr/4.3.3/avr5\libgcc.a(_addsub_sf.o) (__thenan_sf)
c:/users/20109/onedrive/desktop/imt/tools/imt_sdk_win_64/winavr/bin/../lib/gcc/avr/4.3.3/avr5\libgcc.a(_usi_to_sf.o)
                              ./MCAL/TIM0/TIM0_prg.o (__floatunsisf)
c:/users/20109/onedrive/desktop/imt/tools/imt_sdk_win_64/winavr/bin/../lib/gcc/avr/4.3.3/avr5\libgcc.a(_udivmodsi4.o)
                              c:/users/20109/onedrive/desktop/imt/tools/imt_sdk_win_64/winavr/bin/../lib/gcc/avr/4.3.3/avr5\libgcc.a(_divmodsi4.o) (__udivmodsi4)
c:/users/20109/onedrive/desktop/imt/tools/imt_sdk_win_64/winavr/bin/../lib/gcc/avr/4.3.3/avr5\libgcc.a(_prologue.o)
                              c:/users/20109/onedrive/desktop/imt/tools/imt_sdk_win_64/winavr/bin/../lib/gcc/avr/4.3.3/avr5\libgcc.a(_addsub_sf.o) (__prologue_saves__)
c:/users/20109/onedrive/desktop/imt/tools/imt_sdk_win_64/winavr/bin/../lib/gcc/avr/4.3.3/avr5\libgcc.a(_epilogue.o)
                              c:/users/20109/onedrive/desktop/imt/tools/imt_sdk_win_64/winavr/bin/../lib/gcc/avr/4.3.3/avr5\libgcc.a(_addsub_sf.o) (__epilogue_restores__)
c:/users/20109/onedrive/desktop/imt/tools/imt_sdk_win_64/winavr/bin/../lib/gcc/avr/4.3.3/avr5\libgcc.a(_clzsi2.o)
                              c:/users/20109/onedrive/desktop/imt/tools/imt_sdk_win_64/winavr/bin/../lib/gcc/avr/4.3.3/avr5\libgcc.a(_si_to_sf.o) (__clzsi2)
c:/users/20109/onedrive/desktop/imt/tools/imt_sdk_win_64/winavr/bin/../lib/gcc/avr/4.3.3/avr5\libgcc.a(_pack_sf.o)
                              c:/users/20109/onedrive/desktop/imt/tools/imt_sdk_win_64/winavr/bin/../lib/gcc/avr/4.3.3/avr5\libgcc.a(_addsub_sf.o) (__pack_f)
c:/users/20109/onedrive/desktop/imt/tools/imt_sdk_win_64/winavr/bin/../lib/gcc/avr/4.3.3/avr5\libgcc.a(_unpack_sf.o)
                              c:/users/20109/onedrive/desktop/imt/tools/imt_sdk_win_64/winavr/bin/../lib/gcc/avr/4.3.3/avr5\libgcc.a(_addsub_sf.o) (__unpack_f)
c:/users/20109/onedrive/desktop/imt/tools/imt_sdk_win_64/winavr/bin/../lib/gcc/avr/4.3.3/avr5\libgcc.a(_fpcmp_parts_sf.o)
                              c:/users/20109/onedrive/desktop/imt/tools/imt_sdk_win_64/winavr/bin/../lib/gcc/avr/4.3.3/avr5\libgcc.a(_gt_sf.o) (__fpcmp_parts_f)
c:/users/20109/onedrive/desktop/imt/tools/imt_sdk_win_64/winavr/bin/../lib/gcc/avr/4.3.3/avr5\libgcc.a(_clz.o)
                              c:/users/20109/onedrive/desktop/imt/tools/imt_sdk_win_64/winavr/bin/../lib/gcc/avr/4.3.3/avr5\libgcc.a(_clzsi2.o) (__clz_tab)
c:/users/20109/onedrive/desktop/imt/tools/imt_sdk_win_64/winavr/bin/../lib/gcc/avr/4.3.3/../../../../avr/lib/avr5\libc.a(strcmp.o)
                              ./HAL/HC/HC_prg.o (strcmp)
c:/users/20109/onedrive/desktop/imt/tools/imt_sdk_win_64/winavr/bin/../lib/gcc/avr/4.3.3/../../../../avr/lib/avr5\libc.a(snprintf.o)
                              ./Service/JSON/JSON_prg.o (snprintf)
c:/users/20109/onedrive/desktop/imt/tools/imt_sdk_win_64/winavr/bin/../lib/gcc/avr/4.3.3/../../../../avr/lib/avr5\libc.a(ceil.o)
                              ./MCAL/TIM0/TIM0_prg.o (ceil)
c:/users/20109/onedrive/desktop/imt/tools/imt_sdk_win_64/winavr/bin/../lib/gcc/avr/4.3.3/../../../../avr/lib/avr5\libc.a(fp_mintl.o)
                              c:/users/20109/onedrive/desktop/imt/tools/imt_sdk_win_64/winavr/bin/../lib/gcc/avr/4.3.3/../../../../avr/lib/avr5\libc.a(ceil.o) (__fp_mintl)
c:/users/20109/onedrive/desktop/imt/tools/imt_sdk_win_64/winavr/bin/../lib/gcc/avr/4.3.3/../../../../avr/lib/avr5\libc.a(fp_mpack.o)
                              c:/users/20109/onedrive/desktop/imt/tools/imt_sdk_win_64/winavr/bin/../lib/gcc/avr/4.3.3/../../../../avr/lib/avr5\libc.a(ceil.o) (__fp_mpack)
c:/users/20109/onedrive/desktop/imt/tools/imt_sdk_win_64/winavr/bin/../lib/gcc/avr/4.3.3/../../../../avr/lib/avr5\libc.a(fp_trunc.o)
                              c:/users/20109/onedrive/desktop/imt/tools/imt_sdk_win_64/winavr/bin/../lib/gcc/avr/4.3.3/../../../../avr/lib/avr5\libc.a(ceil.o) (__fp_trunc)
c:/users/20109/onedrive/desktop/imt/tools/imt_sdk_win_64/winavr/bin/../lib/gcc/avr/4.3.3/../../../../avr/lib/avr5\libc.a(fp_zero.o)
                              c:/users/20109/onedrive/desktop/imt/tools/imt_sdk_win_64/winavr/bin/../lib/gcc/avr/4.3.3/../../../../avr/lib/avr5\libc.a(ceil.o) (__fp_szero)
c:/users/20109/onedrive/desktop/imt/tools/imt_sdk_win_64/winavr/bin/../lib/gcc/avr/4.3.3/../../../../avr/lib/avr5\libc.a(sqrt.o)
                              ./HAL/HR_OXIMETER/HR_OXIMETER_prg.o (sqrt)
c:/users/20109/onedrive/desktop/imt/tools/imt_sdk_win_64/winavr/bin/../lib/gcc/avr/4.3.3/../../../../avr/lib/avr5\libc.a(vfprintf_std.o)
                              c:/users/20109/onedrive/desktop/imt/tools/imt_sdk_win_64/winavr/bin/../lib/gcc/avr/4.3.3/../../../../avr/lib/avr5\libc.a(snprintf.o) (vfprintf)
c:/users/20109/onedrive/desktop/imt/tools/imt_sdk_win_64/winavr/bin/../lib/gcc/avr/4.3.3/../../../../avr/lib/avr5\libc.a(strnlen_P.o)
                              c:/users/20109/onedrive/desktop/imt/tools/imt_sdk_win_64/winavr/bin/../lib/gcc/avr/4.3.3/../../../../avr/lib/avr5\libc.a(vfprintf_std.o) (strnlen_P)
c:/users/20109/onedrive/desktop/imt/tools/imt_sdk_win_64/winavr/bin/../lib/gcc/avr/4.3.3/../../../../avr/lib/avr5\libc.a(strnlen.o)
                              c:/users/20109/onedrive/desktop/imt/tools/imt_sdk_win_64/winavr/bin/../lib/gcc/avr/4.3.3/../../../../avr/lib/avr5\libc.a(vfprintf_std.o) (strnlen)
c:/users/20109/onedrive/desktop/imt/tools/imt_sdk_win_64/winavr/bin/../lib/gcc/avr/4.3.3/../../../../avr/lib/avr5\libc.a(fputc.o)
                              c:/users/20109/onedrive/desktop/imt/tools/imt_sdk_win_64/winavr/bin/../lib/gcc/avr/4.3.3/../../../../avr/lib/avr5\libc.a(vfprintf_std.o) (fputc)
c:/users/20109/onedrive/desktop/imt/tools/imt_sdk_win_64/winavr/bin/../lib/gcc/avr/4.3.3/../../../../avr/lib/avr5\libc.a(ultoa_invert.o)
                              c:/users/20109/onedrive/desktop/imt/tools/imt_sdk_win_64/winavr/bin/../lib/gcc/avr/4.3.3/../../../../avr/lib/avr5\libc.a(vfprintf_std.o) (__ultoa_invert)
c:/users/20109/onedrive/desktop/imt/tools/imt_sdk_win_64/winavr/bin/../lib/gcc/avr/4.3.3/../../../../avr/lib/avr5\libc.a(fp_nan.o)
                              c:/users/20109/onedrive/desktop/imt/tools/imt_sdk_win_64/winavr/bin/../lib/gcc/avr/4.3.3/../../../../avr/lib/avr5\libc.a(sqrt.o) (__fp_nan)
c:/users/20109/onedrive/desktop/imt/tools/imt_sdk_win_64/winavr/bin/../lib/gcc/avr/4.3.3/../../../../avr/lib/avr5\libc.a(fp_norm2.o)
                              c:/users/20109/onedrive/desktop/imt/tools/imt_sdk_win_64/winavr/bin/../lib/gcc/avr/4.3.3/../../../../avr/lib/avr5\libc.a(sqrt.o) (__fp_norm2)
c:/users/20109/onedrive/desktop/imt/tools/imt_sdk_win_64/winavr/bin/../lib/gcc/avr/4.3.3/../../../../avr/lib/avr5\libc.a(fp_split3.o)
                              c:/users/20109/onedrive/desktop/imt/tools/imt_sdk_win_64/winavr/bin/../lib/gcc/avr/4.3.3/../../../../avr/lib/avr5\libc.a(fp_trunc.o) (__fp_splitA)

Allocating common symbols
Common symbol       size              file

batteryJson         0xa               ./App/main.o
G_ISR_INT1_ptr      0x2               ./MCAL/EXTI/EXTI_prg.o
accelerometer       0x10              ./HAL/HR_OXIMETER/HR_OXIMETER_prg.o
G_ISR_INT0_ptr      0x2               ./MCAL/EXTI/EXTI_prg.o
lpbFilterIR         0xc               ./HAL/HR_OXIMETER/HR_OXIMETER_prg.o
dcFilterIR          0x8               ./HAL/HR_OXIMETER/HR_OXIMETER_prg.o
meanDiffIR          0x56              ./HAL/HR_OXIMETER/HR_OXIMETER_prg.o
timeJson            0x19              ./App/main.o
maxJson             0x1e              ./App/main.o
G_sample            0x8               ./HAL/HR_OXIMETER/HR_OXIMETER_prg.o
dcFilterRed         0x8               ./HAL/HR_OXIMETER/HR_OXIMETER_prg.o
myJson              0xc8              ./App/main.o

Memory Configuration

Name             Origin             Length             Attributes
text             0x00000000         0x00020000         xr
data             0x00800060         0x0000ffa0         rw !x
eeprom           0x00810000         0x00010000         rw !x
fuse             0x00820000         0x00000400         rw !x
lock             0x00830000         0x00000400         rw !x
signature        0x00840000         0x00000400         rw !x
*default*        0x00000000         0xffffffff

Linker script and memory map

Address of section .data set to 0x800100
LOAD c:/users/20109/onedrive/desktop/imt/tools/imt_sdk_win_64/winavr/bin/../lib/gcc/avr/4.3.3/../../../../avr/lib/avr5/crtm328p.o
LOAD ./Service/TIME/TIME_prg.o
LOAD ./Service/JSON/JSON_prg.o
LOAD ./Service/COMM/COMM_prg.o
LOAD ./MCAL/WDT/WDT_prg.o
LOAD ./MCAL/UART/UART_prg.o
LOAD ./MCAL/TWI/TWI_prg.o
LOAD ./MCAL/TIM2/TIM2_prg.o
LOAD ./MCAL/TIM1/TIM1_prg.o
LOAD ./MCAL/TIM0/TIM0_prg.o
LOAD ./MCAL/GIE/GIE_prg.o
LOAD ./MCAL/EXTI/EXTI_prg.o
LOAD ./MCAL/DIO/DIO_prg.o
LOAD ./MCAL/ADC/ADC_prg.o
LOAD ./HAL/HR_OXIMETER/HR_OXIMETER_prg.o
LOAD ./HAL/HR_OXIMETER/filters.o
LOAD ./HAL/HC/HC_prg.o
LOAD ./HAL/FLASH/FLASH_prg.o
LOAD ./HAL/BAT/BAT_prg.o
LOAD ./HAL/ADXL/ADXL_prg.o
LOAD ./App/EMRG/EMRG.o
LOAD ./App/main.o
LOAD c:/users/20109/onedrive/desktop/imt/tools/imt_sdk_win_64/winavr/bin/../lib/gcc/avr/4.3.3/avr5\libgcc.a
LOAD c:/users/20109/onedrive/desktop/imt/tools/imt_sdk_win_64/winavr/bin/../lib/gcc/avr/4.3.3/../../../../avr/lib/avr5\libc.a
LOAD c:/users/20109/onedrive/desktop/imt/tools/imt_sdk_win_64/winavr/bin/../lib/gcc/avr/4.3.3/avr5\libgcc.a

.hash
 *(.hash)

.dynsym
 *(.dynsym)

.dynstr
 *(.dynstr)

.gnu.version
 *(.gnu.version)

.gnu.version_d
 *(.gnu.version_d)

.gnu.version_r
 *(.gnu.version_r)

.rel.init
 *(.rel.init)

.rela.init
 *(.rela.init)

.rel.text
 *(.rel.text)
 *(.rel.text.*)
 *(.rel.gnu.linkonce.t*)

.rela.text
 *(.rela.text)
 *(.rela.text.*)
 *(.rela.gnu.linkonce.t*)

.rel.fini
 *(.rel.fini)

.rela.fini
 *(.rela.fini)

.rel.rodata
 *(.rel.rodata)
 *(.rel.rodata.*)
 *(.rel.gnu.linkonce.r*)

.rela.rodata
 *(.rela.rodata)
 *(.rela.rodata.*)
 *(.rela.gnu.linkonce.r*)

.rel.data
 *(.rel.data)
 *(.rel.data.*)
 *(.rel.gnu.linkonce.d*)

.rela.data
 *(.rela.data)
 *(.rela.data.*)
 *(.rela.gnu.linkonce.d*)

.rel.ctors
 *(.rel.ctors)

.rela.ctors
 *(.rela.ctors)

.rel.dtors
 *(.rel.dtors)

.rela.dtors
 *(.rela.dtors)

.rel.got
 *(.rel.got)

.rela.got
 *(.rela.got)

.rel.bss
 *(.rel.bss)

.rela.bss
 *(.rela.bss)

.rel.plt
 *(.rel.plt)

.rela.plt
 *(.rela.plt)

.text           0x00000000     0x4066
 *(.vectors)
 .vectors       0x00000000       0x68 c:/users/20109/onedrive/desktop/imt/tools/imt_sdk_win_64/winavr/bin/../lib/gcc/avr/4.3.3/../../../../avr/lib/avr5/crtm328p.o
                0x00000000                __vectors
                0x00000000                __vector_default
 *(.vectors)
 *(.progmem.gcc*)
 *(.progmem*)
                0x00000068                . = ALIGN (0x2)
                0x00000068                __trampolines_start = .
 *(.trampolines)
 .trampolines   0x00000068        0x0 linker stubs
 *(.trampolines*)
                0x00000068                __trampolines_end = .
 *(.jumptables)
 *(.jumptables*)
 *(.lowtext)
 *(.lowtext*)
                0x00000068                __ctors_start = .
 *(.ctors)
                0x00000068                __ctors_end = .
                0x00000068                __dtors_start = .
 *(.dtors)
                0x00000068                __dtors_end = .
 SORT(*)(.ctors)
 SORT(*)(.dtors)
 *(.init0)
 .init0         0x00000068        0x0 c:/users/20109/onedrive/desktop/imt/tools/imt_sdk_win_64/winavr/bin/../lib/gcc/avr/4.3.3/../../../../avr/lib/avr5/crtm328p.o
                0x00000068                __init
 *(.init0)
 *(.init1)
 *(.init1)
 *(.init2)
 .init2         0x00000068        0xc c:/users/20109/onedrive/desktop/imt/tools/imt_sdk_win_64/winavr/bin/../lib/gcc/avr/4.3.3/../../../../avr/lib/avr5/crtm328p.o
 *(.init2)
 *(.init3)
 *(.init3)
 *(.init4)
 .init4         0x00000074       0x16 c:/users/20109/onedrive/desktop/imt/tools/imt_sdk_win_64/winavr/bin/../lib/gcc/avr/4.3.3/avr5\libgcc.a(_copy_data.o)
                0x00000074                __do_copy_data
 .init4         0x0000008a       0x10 c:/users/20109/onedrive/desktop/imt/tools/imt_sdk_win_64/winavr/bin/../lib/gcc/avr/4.3.3/avr5\libgcc.a(_clear_bss.o)
                0x0000008a                __do_clear_bss
 *(.init4)
 *(.init5)
 *(.init5)
 *(.init6)
 *(.init6)
 *(.init7)
 *(.init7)
 *(.init8)
 *(.init8)
 *(.init9)
 .init9         0x0000009a        0x8 c:/users/20109/onedrive/desktop/imt/tools/imt_sdk_win_64/winavr/bin/../lib/gcc/avr/4.3.3/../../../../avr/lib/avr5/crtm328p.o
 *(.init9)
 *(.text)
 .text          0x000000a2        0x4 c:/users/20109/onedrive/desktop/imt/tools/imt_sdk_win_64/winavr/bin/../lib/gcc/avr/4.3.3/../../../../avr/lib/avr5/crtm328p.o
                0x000000a2                __vector_22
                0x000000a2                __vector_24
                0x000000a2                __bad_interrupt
                0x000000a2                __vector_6
                0x000000a2                __vector_3
                0x000000a2                __vector_23
                0x000000a2                __vector_25
                0x000000a2                __vector_17
                0x000000a2                __vector_5
                0x000000a2                __vector_4
 .text          0x000000a6        0x0 ./Service/TIME/TIME_prg.o
 .text          0x000000a6        0x0 ./Service/JSON/JSON_prg.o
 .text          0x000000a6        0x0 ./Service/COMM/COMM_prg.o
 .text          0x000000a6        0x0 ./MCAL/WDT/WDT_prg.o
 .text          0x000000a6        0x0 ./MCAL/UART/UART_prg.o
 .text          0x000000a6        0x0 ./MCAL/TWI/TWI_prg.o
 .text          0x000000a6        0x0 ./MCAL/TIM2/TIM2_prg.o
 .text          0x000000a6        0x0 ./MCAL/TIM1/TIM1_prg.o
 .text          0x000000a6        0x0 ./MCAL/TIM0/TIM0_prg.o
 .text          0x000000a6        0x0 ./MCAL/GIE/GIE_prg.o
 .text          0x000000a6        0x0 ./MCAL/EXTI/EXTI_prg.o
 .text          0x000000a6        0x0 ./MCAL/DIO/DIO_prg.o
 .text          0x000000a6        0x0 ./MCAL/ADC/ADC_prg.o
 .text          0x000000a6        0x0 ./HAL/HR_OXIMETER/HR_OXIMETER_prg.o
 .text          0x000000a6        0x0 ./HAL/HR_OXIMETER/filters.o
 .text          0x000000a6        0x0 ./HAL/HC/HC_prg.o
 .text          0x000000a6        0x0 ./HAL/FLASH/FLASH_prg.o
 .text          0x000000a6        0x0 ./HAL/BAT/BAT_prg.o
 .text          0x000000a6        0x0 ./HAL/ADXL/ADXL_prg.o
 .text          0x000000a6        0x0 ./App/EMRG/EMRG.o
 .text          0x000000a6        0x0 ./App/main.o
 .text          0x000000a6        0x0 c:/users/20109/onedrive/desktop/imt/tools/imt_sdk_win_64/winavr/bin/../lib/gcc/avr/4.3.3/avr5\libgcc.a(_udivmodqi4.o)
 .text          0x000000a6        0x0 c:/users/20109/onedrive/desktop/imt/tools/imt_sdk_win_64/winavr/bin/../lib/gcc/avr/4.3.3/avr5\libgcc.a(_divmodsi4.o)
 .text          0x000000a6        0x0 c:/users/20109/onedrive/desktop/imt/tools/imt_sdk_win_64/winavr/bin/../lib/gcc/avr/4.3.3/avr5\libgcc.a(_exit.o)
 .text          0x000000a6        0x0 c:/users/20109/onedrive/desktop/imt/tools/imt_sdk_win_64/winavr/bin/../lib/gcc/avr/4.3.3/avr5\libgcc.a(_copy_data.o)
 .text          0x000000a6        0x0 c:/users/20109/onedrive/desktop/imt/tools/imt_sdk_win_64/winavr/bin/../lib/gcc/avr/4.3.3/avr5\libgcc.a(_clear_bss.o)
 .text          0x000000a6       0x58 c:/users/20109/onedrive/desktop/imt/tools/imt_sdk_win_64/winavr/bin/../lib/gcc/avr/4.3.3/avr5\libgcc.a(_fixunssfsi.o)
                0x000000a6                __fixunssfsi
 .text          0x000000fe      0x354 c:/users/20109/onedrive/desktop/imt/tools/imt_sdk_win_64/winavr/bin/../lib/gcc/avr/4.3.3/avr5\libgcc.a(_addsub_sf.o)
                0x00000396                __subsf3
                0x000003f8                __addsf3
 .text          0x00000452      0x1f4 c:/users/20109/onedrive/desktop/imt/tools/imt_sdk_win_64/winavr/bin/../lib/gcc/avr/4.3.3/avr5\libgcc.a(_mul_sf.o)
                0x00000452                __mulsf3
 .text          0x00000646      0x158 c:/users/20109/onedrive/desktop/imt/tools/imt_sdk_win_64/winavr/bin/../lib/gcc/avr/4.3.3/avr5\libgcc.a(_div_sf.o)
                0x00000646                __divsf3
 .text          0x0000079e       0x60 c:/users/20109/onedrive/desktop/imt/tools/imt_sdk_win_64/winavr/bin/../lib/gcc/avr/4.3.3/avr5\libgcc.a(_gt_sf.o)
                0x0000079e                __gtsf2
 .text          0x000007fe       0x60 c:/users/20109/onedrive/desktop/imt/tools/imt_sdk_win_64/winavr/bin/../lib/gcc/avr/4.3.3/avr5\libgcc.a(_ge_sf.o)
                0x000007fe                __gesf2
 .text          0x0000085e       0x60 c:/users/20109/onedrive/desktop/imt/tools/imt_sdk_win_64/winavr/bin/../lib/gcc/avr/4.3.3/avr5\libgcc.a(_lt_sf.o)
                0x0000085e                __ltsf2
 .text          0x000008be       0xbc c:/users/20109/onedrive/desktop/imt/tools/imt_sdk_win_64/winavr/bin/../lib/gcc/avr/4.3.3/avr5\libgcc.a(_si_to_sf.o)
                0x000008be                __floatsisf
 .text          0x0000097a       0xa8 c:/users/20109/onedrive/desktop/imt/tools/imt_sdk_win_64/winavr/bin/../lib/gcc/avr/4.3.3/avr5\libgcc.a(_sf_to_si.o)
                0x0000097a                __fixsfsi
 .text          0x00000a22        0x0 c:/users/20109/onedrive/desktop/imt/tools/imt_sdk_win_64/winavr/bin/../lib/gcc/avr/4.3.3/avr5\libgcc.a(_thenan_sf.o)
 .text          0x00000a22       0xf2 c:/users/20109/onedrive/desktop/imt/tools/imt_sdk_win_64/winavr/bin/../lib/gcc/avr/4.3.3/avr5\libgcc.a(_usi_to_sf.o)
                0x00000a22                __floatunsisf
 .text          0x00000b14        0x0 c:/users/20109/onedrive/desktop/imt/tools/imt_sdk_win_64/winavr/bin/../lib/gcc/avr/4.3.3/avr5\libgcc.a(_udivmodsi4.o)
 .text          0x00000b14        0x0 c:/users/20109/onedrive/desktop/imt/tools/imt_sdk_win_64/winavr/bin/../lib/gcc/avr/4.3.3/avr5\libgcc.a(_prologue.o)
 .text          0x00000b14        0x0 c:/users/20109/onedrive/desktop/imt/tools/imt_sdk_win_64/winavr/bin/../lib/gcc/avr/4.3.3/avr5\libgcc.a(_epilogue.o)
 .text          0x00000b14       0x9e c:/users/20109/onedrive/desktop/imt/tools/imt_sdk_win_64/winavr/bin/../lib/gcc/avr/4.3.3/avr5\libgcc.a(_clzsi2.o)
                0x00000b14                __clzsi2
 .text          0x00000bb2      0x1aa c:/users/20109/onedrive/desktop/imt/tools/imt_sdk_win_64/winavr/bin/../lib/gcc/avr/4.3.3/avr5\libgcc.a(_pack_sf.o)
                0x00000bb2                __pack_f
 .text          0x00000d5c       0xf0 c:/users/20109/onedrive/desktop/imt/tools/imt_sdk_win_64/winavr/bin/../lib/gcc/avr/4.3.3/avr5\libgcc.a(_unpack_sf.o)
                0x00000d5c                __unpack_f
 .text          0x00000e4c       0xb2 c:/users/20109/onedrive/desktop/imt/tools/imt_sdk_win_64/winavr/bin/../lib/gcc/avr/4.3.3/avr5\libgcc.a(_fpcmp_parts_sf.o)
                0x00000e4c                __fpcmp_parts_f
 .text          0x00000efe        0x0 c:/users/20109/onedrive/desktop/imt/tools/imt_sdk_win_64/winavr/bin/../lib/gcc/avr/4.3.3/avr5\libgcc.a(_clz.o)
 .text          0x00000efe        0x0 c:/users/20109/onedrive/desktop/imt/tools/imt_sdk_win_64/winavr/bin/../lib/gcc/avr/4.3.3/../../../../avr/lib/avr5\libc.a(strcmp.o)
 .text          0x00000efe        0x0 c:/users/20109/onedrive/desktop/imt/tools/imt_sdk_win_64/winavr/bin/../lib/gcc/avr/4.3.3/../../../../avr/lib/avr5\libc.a(snprintf.o)
 .text          0x00000efe        0x0 c:/users/20109/onedrive/desktop/imt/tools/imt_sdk_win_64/winavr/bin/../lib/gcc/avr/4.3.3/../../../../avr/lib/avr5\libc.a(ceil.o)
 .text          0x00000efe        0x0 c:/users/20109/onedrive/desktop/imt/tools/imt_sdk_win_64/winavr/bin/../lib/gcc/avr/4.3.3/../../../../avr/lib/avr5\libc.a(fp_mintl.o)
 .text          0x00000efe        0x0 c:/users/20109/onedrive/desktop/imt/tools/imt_sdk_win_64/winavr/bin/../lib/gcc/avr/4.3.3/../../../../avr/lib/avr5\libc.a(fp_mpack.o)
 .text          0x00000efe        0x0 c:/users/20109/onedrive/desktop/imt/tools/imt_sdk_win_64/winavr/bin/../lib/gcc/avr/4.3.3/../../../../avr/lib/avr5\libc.a(fp_trunc.o)
 .text          0x00000efe        0x0 c:/users/20109/onedrive/desktop/imt/tools/imt_sdk_win_64/winavr/bin/../lib/gcc/avr/4.3.3/../../../../avr/lib/avr5\libc.a(fp_zero.o)
 .text          0x00000efe        0x0 c:/users/20109/onedrive/desktop/imt/tools/imt_sdk_win_64/winavr/bin/../lib/gcc/avr/4.3.3/../../../../avr/lib/avr5\libc.a(sqrt.o)
 .text          0x00000efe        0x0 c:/users/20109/onedrive/desktop/imt/tools/imt_sdk_win_64/winavr/bin/../lib/gcc/avr/4.3.3/../../../../avr/lib/avr5\libc.a(vfprintf_std.o)
 .text          0x00000efe        0x0 c:/users/20109/onedrive/desktop/imt/tools/imt_sdk_win_64/winavr/bin/../lib/gcc/avr/4.3.3/../../../../avr/lib/avr5\libc.a(strnlen_P.o)
 .text          0x00000efe        0x0 c:/users/20109/onedrive/desktop/imt/tools/imt_sdk_win_64/winavr/bin/../lib/gcc/avr/4.3.3/../../../../avr/lib/avr5\libc.a(strnlen.o)
 .text          0x00000efe        0x0 c:/users/20109/onedrive/desktop/imt/tools/imt_sdk_win_64/winavr/bin/../lib/gcc/avr/4.3.3/../../../../avr/lib/avr5\libc.a(fputc.o)
 .text          0x00000efe        0x0 c:/users/20109/onedrive/desktop/imt/tools/imt_sdk_win_64/winavr/bin/../lib/gcc/avr/4.3.3/../../../../avr/lib/avr5\libc.a(ultoa_invert.o)
 .text          0x00000efe        0x0 c:/users/20109/onedrive/desktop/imt/tools/imt_sdk_win_64/winavr/bin/../lib/gcc/avr/4.3.3/../../../../avr/lib/avr5\libc.a(fp_nan.o)
 .text          0x00000efe        0x0 c:/users/20109/onedrive/desktop/imt/tools/imt_sdk_win_64/winavr/bin/../lib/gcc/avr/4.3.3/../../../../avr/lib/avr5\libc.a(fp_norm2.o)
 .text          0x00000efe        0x0 c:/users/20109/onedrive/desktop/imt/tools/imt_sdk_win_64/winavr/bin/../lib/gcc/avr/4.3.3/../../../../avr/lib/avr5\libc.a(fp_split3.o)
                0x00000efe                . = ALIGN (0x2)
 *(.text.*)
 .text.TIME_u32GetTime
                0x00000efe       0x12 ./Service/TIME/TIME_prg.o
                0x00000efe                TIME_u32GetTime
 .text.TIME_vStopTime
                0x00000f10        0x6 ./Service/TIME/TIME_prg.o
                0x00000f10                TIME_vStopTime
 .text.TIME_vStartTime
                0x00000f16        0x6 ./Service/TIME/TIME_prg.o
                0x00000f16                TIME_vStartTime
 .text.TIME_vInit
                0x00000f1c       0x18 ./Service/TIME/TIME_prg.o
                0x00000f1c                TIME_vInit
 .text.increaseTime
                0x00000f34       0x2e ./Service/TIME/TIME_prg.o
 .text.JSON_strMakeMaxObj
                0x00000f62       0x50 ./Service/JSON/JSON_prg.o
                0x00000f62                JSON_strMakeMaxObj
 .text.JSON_strMakeTimeObj
                0x00000fb2       0x48 ./Service/JSON/JSON_prg.o
                0x00000fb2                JSON_strMakeTimeObj
 .text.JSON_strMakeBatteryObj
                0x00000ffa       0x4c ./Service/JSON/JSON_prg.o
                0x00000ffa                JSON_strMakeBatteryObj
 .text.JSON_strMakeAccObj
                0x00001046      0x25a ./Service/JSON/JSON_prg.o
                0x00001046                JSON_strMakeAccObj
 .text.JSON_strMakeJsonObj
                0x000012a0       0x58 ./Service/JSON/JSON_prg.o
                0x000012a0                JSON_strMakeJsonObj
 .text.recieveState
                0x000012f8        0xe ./Service/COMM/COMM_prg.o
 .text.COMM_vTransmit
                0x00001306        0x2 ./Service/COMM/COMM_prg.o
                0x00001306                COMM_vTransmit
 .text.COMM_strReceive
                0x00001308        0x2 ./Service/COMM/COMM_prg.o
                0x00001308                COMM_strReceive
 .text.COMM_boolIsChannelFree
                0x0000130a       0x10 ./Service/COMM/COMM_prg.o
                0x0000130a                COMM_boolIsChannelFree
 .text.COMM_vInit
                0x0000131a        0xa ./Service/COMM/COMM_prg.o
                0x0000131a                COMM_vInit
 .text.WDT_vEnable
                0x00001324        0x8 ./MCAL/WDT/WDT_prg.o
                0x00001324                WDT_vEnable
 .text.WDT_vDisable
                0x0000132c        0x8 ./MCAL/WDT/WDT_prg.o
                0x0000132c                WDT_vDisable
 .text.WDT_vSetSleep
                0x00001334        0xe ./MCAL/WDT/WDT_prg.o
                0x00001334                WDT_vSetSleep
 .text.UART_vSendCharSync
                0x00001342       0x10 ./MCAL/UART/UART_prg.o
                0x00001342                UART_vSendCharSync
 .text.UART_vSendStringSync
                0x00001352       0x22 ./MCAL/UART/UART_prg.o
                0x00001352                UART_vSendStringSync
 .text.UART_u16ReceiveDataSync
                0x00001374       0x10 ./MCAL/UART/UART_prg.o
                0x00001374                UART_u16ReceiveDataSync
 .text.UART_vReceiveStringSync
                0x00001384       0x22 ./MCAL/UART/UART_prg.o
                0x00001384                UART_vReceiveStringSync
 .text.UART_vSetCallBackTx
                0x000013a6        0xa ./MCAL/UART/UART_prg.o
                0x000013a6                UART_vSetCallBackTx
 .text.UART_vSetCallBackRX
                0x000013b0        0xa ./MCAL/UART/UART_prg.o
                0x000013b0                UART_vSetCallBackRX
 .text.UART_vSetCallBackUDRE
                0x000013ba        0xa ./MCAL/UART/UART_prg.o
                0x000013ba                UART_vSetCallBackUDRE
 .text.UART_vSendCharAsync
                0x000013c4        0x6 ./MCAL/UART/UART_prg.o
                0x000013c4                UART_vSendCharAsync
 .text.__vector_18
                0x000013ca       0x58 ./MCAL/UART/UART_prg.o
                0x000013ca                __vector_18
 .text.__vector_19
                0x00001422       0x52 ./MCAL/UART/UART_prg.o
                0x00001422                __vector_19
 .text.__vector_20
                0x00001474       0x52 ./MCAL/UART/UART_prg.o
                0x00001474                __vector_20
 .text.UART_vInit
                0x000014c6       0x38 ./MCAL/UART/UART_prg.o
                0x000014c6                UART_vInit
 .text.TWI_vMasterInit
                0x000014fe       0x14 ./MCAL/TWI/TWI_prg.o
                0x000014fe                TWI_vMasterInit
 .text.TWI_vSendStartCondition
                0x00001512       0x10 ./MCAL/TWI/TWI_prg.o
                0x00001512                TWI_vSendStartCondition
 .text.TWI_vSendStopCondition
                0x00001522        0x8 ./MCAL/TWI/TWI_prg.o
                0x00001522                TWI_vSendStopCondition
 .text.TWI_vMasterWriteDataByte
                0x0000152a       0x14 ./MCAL/TWI/TWI_prg.o
                0x0000152a                TWI_vMasterWriteDataByte
 .text.TWI_vMasterWriteSlaveAdd
                0x0000153e       0x18 ./MCAL/TWI/TWI_prg.o
                0x0000153e                TWI_vMasterWriteSlaveAdd
 .text.TWI_u8MasterReadDataByteWith_ACK
                0x00001556       0x14 ./MCAL/TWI/TWI_prg.o
                0x00001556                TWI_u8MasterReadDataByteWith_ACK
 .text.TWI_u8MasterReadDataByteWith_NACK
                0x0000156a       0x14 ./MCAL/TWI/TWI_prg.o
                0x0000156a                TWI_u8MasterReadDataByteWith_NACK
 .text.TWI_u8MasterReadNext
                0x0000157e       0x18 ./MCAL/TWI/TWI_prg.o
                0x0000157e                TWI_u8MasterReadNext
 .text.TWI_u8MasterGetStatus
                0x00001596        0x8 ./MCAL/TWI/TWI_prg.o
                0x00001596                TWI_u8MasterGetStatus
 .text.TIM2_vInit
                0x0000159e       0x2a ./MCAL/TIM2/TIM2_prg.o
                0x0000159e                TIM2_vInit
 .text.TIM2_vTurnOn
                0x000015c8       0x12 ./MCAL/TIM2/TIM2_prg.o
                0x000015c8                TIM2_vTurnOn
 .text.TIM2_vTurnOff
                0x000015da       0x10 ./MCAL/TIM2/TIM2_prg.o
                0x000015da                TIM2_vTurnOff
 .text.TIM2_vSetPreload
                0x000015ea        0x6 ./MCAL/TIM2/TIM2_prg.o
                0x000015ea                TIM2_vSetPreload
 .text.TIM2_vSetOcr2aVal
                0x000015f0        0x6 ./MCAL/TIM2/TIM2_prg.o
                0x000015f0                TIM2_vSetOcr2aVal
 .text.TIM2_vSetOcr2bVal
                0x000015f6        0x6 ./MCAL/TIM2/TIM2_prg.o
                0x000015f6                TIM2_vSetOcr2bVal
 .text.TIM2_vCallBack_OCF2A
                0x000015fc        0xa ./MCAL/TIM2/TIM2_prg.o
                0x000015fc                TIM2_vCallBack_OCF2A
 .text.TIM2_vCallBack_OCF2B
                0x00001606        0xa ./MCAL/TIM2/TIM2_prg.o
                0x00001606                TIM2_vCallBack_OCF2B
 .text.TIM2_vCallBack_OVF2
                0x00001610        0xa ./MCAL/TIM2/TIM2_prg.o
                0x00001610                TIM2_vCallBack_OVF2
 .text.TIM2_vSetDutyCycleOC2b
                0x0000161a        0x2 ./MCAL/TIM2/TIM2_prg.o
                0x0000161a                TIM2_vSetDutyCycleOC2b
 .text.TIM2_vSetDutyCycleOC2a
                0x0000161c        0x2 ./MCAL/TIM2/TIM2_prg.o
                0x0000161c                TIM2_vSetDutyCycleOC2a
 .text.__vector_7
                0x0000161e       0x52 ./MCAL/TIM2/TIM2_prg.o
                0x0000161e                __vector_7
 .text.__vector_8
                0x00001670       0x52 ./MCAL/TIM2/TIM2_prg.o
                0x00001670                __vector_8
 .text.__vector_9
                0x000016c2       0x52 ./MCAL/TIM2/TIM2_prg.o
                0x000016c2                __vector_9
 .text.TIM1_vInit
                0x00001714       0x3e ./MCAL/TIM1/TIM1_prg.o
                0x00001714                TIM1_vInit
 .text.TIM1_vTurnOn
                0x00001752       0x12 ./MCAL/TIM1/TIM1_prg.o
                0x00001752                TIM1_vTurnOn
 .text.TIM1_vTurnOff
                0x00001764       0x10 ./MCAL/TIM1/TIM1_prg.o
                0x00001764                TIM1_vTurnOff
 .text.TIM1_vSetPreload
                0x00001774        0xa ./MCAL/TIM1/TIM1_prg.o
                0x00001774                TIM1_vSetPreload
 .text.TIM1_vSetOcr1aVal
                0x0000177e        0xa ./MCAL/TIM1/TIM1_prg.o
                0x0000177e                TIM1_vSetOcr1aVal
 .text.TIM1_vSetOcr1bVal
                0x00001788        0xa ./MCAL/TIM1/TIM1_prg.o
                0x00001788                TIM1_vSetOcr1bVal
 .text.TIM1_vCallBack_OVF
                0x00001792        0xa ./MCAL/TIM1/TIM1_prg.o
                0x00001792                TIM1_vCallBack_OVF
 .text.TIM1_vCallBack_OCF1A
                0x0000179c        0xa ./MCAL/TIM1/TIM1_prg.o
                0x0000179c                TIM1_vCallBack_OCF1A
 .text.TIM1_vCallBack_OCF1B
                0x000017a6        0xa ./MCAL/TIM1/TIM1_prg.o
                0x000017a6                TIM1_vCallBack_OCF1B
 .text.TIMER_vCallBack_ICF1
                0x000017b0        0xa ./MCAL/TIM1/TIM1_prg.o
                0x000017b0                TIMER_vCallBack_ICF1
 .text.TIM1_vSetDutyCycleOC1A
                0x000017ba        0xa ./MCAL/TIM1/TIM1_prg.o
                0x000017ba                TIM1_vSetDutyCycleOC1A
 .text.TIM1_vSetDutyCycleOC1B
                0x000017c4        0xa ./MCAL/TIM1/TIM1_prg.o
                0x000017c4                TIM1_vSetDutyCycleOC1B
 .text.TIM1_vSetIcr1Val
                0x000017ce        0xa ./MCAL/TIM1/TIM1_prg.o
                0x000017ce                TIM1_vSetIcr1Val
 .text.TIM1_vDisableICU
                0x000017d8        0xc ./MCAL/TIM1/TIM1_prg.o
                0x000017d8                TIM1_vDisableICU
 .text.TIM1_vSetTriggering
                0x000017e4       0x22 ./MCAL/TIM1/TIM1_prg.o
                0x000017e4                TIM1_vSetTriggering
 .text.TIM1_vGetIcr1Val
                0x00001806        0xc ./MCAL/TIM1/TIM1_prg.o
                0x00001806                TIM1_vGetIcr1Val
 .text.__vector_10
                0x00001812       0x52 ./MCAL/TIM1/TIM1_prg.o
                0x00001812                __vector_10
 .text.__vector_11
                0x00001864       0x52 ./MCAL/TIM1/TIM1_prg.o
                0x00001864                __vector_11
 .text.__vector_12
                0x000018b6       0x52 ./MCAL/TIM1/TIM1_prg.o
                0x000018b6                __vector_12
 .text.__vector_13
                0x00001908       0x52 ./MCAL/TIM1/TIM1_prg.o
                0x00001908                __vector_13
 .text.TIM1_vInitICU
                0x0000195a       0x48 ./MCAL/TIM1/TIM1_prg.o
                0x0000195a                TIM1_vInitICU
 .text.TIM0_vInit
                0x000019a2       0x36 ./MCAL/TIM0/TIM0_prg.o
                0x000019a2                TIM0_vInit
 .text.TIM0_vTurnOn
                0x000019d8        0xe ./MCAL/TIM0/TIM0_prg.o
                0x000019d8                TIM0_vTurnOn
 .text.TIM0_vTurnOff
                0x000019e6        0xc ./MCAL/TIM0/TIM0_prg.o
                0x000019e6                TIM0_vTurnOff
 .text.TIM0_vSetPreload
                0x000019f2        0x8 ./MCAL/TIM0/TIM0_prg.o
                0x000019f2                TIM0_vSetPreload
 .text.TIM0_vSetOcr0aVal
                0x000019fa        0x4 ./MCAL/TIM0/TIM0_prg.o
                0x000019fa                TIM0_vSetOcr0aVal
 .text.TIM0_vSetOcr0bVal
                0x000019fe        0x4 ./MCAL/TIM0/TIM0_prg.o
                0x000019fe                TIM0_vSetOcr0bVal
 .text.TIM0_vGetOcr0aVal
                0x00001a02        0x4 ./MCAL/TIM0/TIM0_prg.o
                0x00001a02                TIM0_vGetOcr0aVal
 .text.TIM0_vGetOcr0bVal
                0x00001a06        0x4 ./MCAL/TIM0/TIM0_prg.o
                0x00001a06                TIM0_vGetOcr0bVal
 .text.TIM0_vCallBack_OCF0A
                0x00001a0a        0xa ./MCAL/TIM0/TIM0_prg.o
                0x00001a0a                TIM0_vCallBack_OCF0A
 .text.TIM0_vCallBack_OCF0B
                0x00001a14        0xa ./MCAL/TIM0/TIM0_prg.o
                0x00001a14                TIM0_vCallBack_OCF0B
 .text.TIM0_vCallBack_OVF0
                0x00001a1e        0xa ./MCAL/TIM0/TIM0_prg.o
                0x00001a1e                TIM0_vCallBack_OVF0
 .text.TIM0_vSetDutyCycleOC0A
                0x00001a28        0x2 ./MCAL/TIM0/TIM0_prg.o
                0x00001a28                TIM0_vSetDutyCycleOC0A
 .text.TIM0_vSetDutyCycleOC0B
                0x00001a2a        0x2 ./MCAL/TIM0/TIM0_prg.o
                0x00001a2a                TIM0_vSetDutyCycleOC0B
 .text.__vector_14
                0x00001a2c       0x52 ./MCAL/TIM0/TIM0_prg.o
                0x00001a2c                __vector_14
 .text.__vector_15
                0x00001a7e       0x52 ./MCAL/TIM0/TIM0_prg.o
                0x00001a7e                __vector_15
 .text.__vector_16
                0x00001ad0       0x52 ./MCAL/TIM0/TIM0_prg.o
                0x00001ad0                __vector_16
 .text.TIM0_vDelayMilli
                0x00001b22       0x92 ./MCAL/TIM0/TIM0_prg.o
                0x00001b22                TIM0_vDelayMilli
 .text.GIE_vEnableGlobaLInt
                0x00001bb4        0x8 ./MCAL/GIE/GIE_prg.o
                0x00001bb4                GIE_vEnableGlobaLInt
 .text.GIE_vDisableGlobalInt
                0x00001bbc        0x8 ./MCAL/GIE/GIE_prg.o
                0x00001bbc                GIE_vDisableGlobalInt
 .text.EXTI_vReg_Func
                0x00001bc4       0x1e ./MCAL/EXTI/EXTI_prg.o
                0x00001bc4                EXTI_vReg_Func
 .text.__vector_1
                0x00001be2       0x4e ./MCAL/EXTI/EXTI_prg.o
                0x00001be2                __vector_1
 .text.__vector_2
                0x00001c30       0x4e ./MCAL/EXTI/EXTI_prg.o
                0x00001c30                __vector_2
 .text.EXTI_vInitINT1
                0x00001c7e       0x24 ./MCAL/EXTI/EXTI_prg.o
                0x00001c7e                EXTI_vInitINT1
 .text.EXTI_vInitINT0
                0x00001ca2       0x24 ./MCAL/EXTI/EXTI_prg.o
                0x00001ca2                EXTI_vInitINT0
 .text.DIO_vSetPinDir
                0x00001cc6       0x8e ./MCAL/DIO/DIO_prg.o
                0x00001cc6                DIO_vSetPinDir
 .text.DIO_vSetPortDir
                0x00001d54       0x38 ./MCAL/DIO/DIO_prg.o
                0x00001d54                DIO_vSetPortDir
 .text.DIO_vSetPinVal
                0x00001d8c       0x8e ./MCAL/DIO/DIO_prg.o
                0x00001d8c                DIO_vSetPinVal
 .text.DIO_vSetPortVal
                0x00001e1a       0x1a ./MCAL/DIO/DIO_prg.o
                0x00001e1a                DIO_vSetPortVal
 .text.DIO_u8GetPinVal
                0x00001e34       0x36 ./MCAL/DIO/DIO_prg.o
                0x00001e34                DIO_u8GetPinVal
 .text.DIO_u8GetPortVal
                0x00001e6a       0x1a ./MCAL/DIO/DIO_prg.o
                0x00001e6a                DIO_u8GetPortVal
 .text.DIO_vTogPin
                0x00001e84       0x50 ./MCAL/DIO/DIO_prg.o
                0x00001e84                DIO_vTogPin
 .text.DIO_vTogPort
                0x00001ed4       0x26 ./MCAL/DIO/DIO_prg.o
                0x00001ed4                DIO_vTogPort
 .text.ADC_vInit
                0x00001efa       0x2a ./MCAL/ADC/ADC_prg.o
                0x00001efa                ADC_vInit
 .text.ADC_vSetPreScale
                0x00001f24       0x12 ./MCAL/ADC/ADC_prg.o
                0x00001f24                ADC_vSetPreScale
 .text.ADC_vReadDigitalAsync
                0x00001f36       0x20 ./MCAL/ADC/ADC_prg.o
                0x00001f36                ADC_vReadDigitalAsync
 .text.ADC_u16ReadDigitalSync
                0x00001f56       0x2a ./MCAL/ADC/ADC_prg.o
                0x00001f56                ADC_u16ReadDigitalSync
 .text.ADC_vTurnOff
                0x00001f80        0xc ./MCAL/ADC/ADC_prg.o
                0x00001f80                ADC_vTurnOff
 .text.ADC_vDisable
                0x00001f8c        0xc ./MCAL/ADC/ADC_prg.o
                0x00001f8c                ADC_vDisable
 .text.ADC_vEnable
                0x00001f98        0xc ./MCAL/ADC/ADC_prg.o
                0x00001f98                ADC_vEnable
 .text.__vector_21
                0x00001fa4       0x14 ./MCAL/ADC/ADC_prg.o
                0x00001fa4                __vector_21
 .text.myLog    0x00001fb8       0xc0 ./HAL/HR_OXIMETER/HR_OXIMETER_prg.o
 .text.MAX30102_vResetParams
                0x00002078       0xbc ./HAL/HR_OXIMETER/HR_OXIMETER_prg.o
                0x00002078                MAX30102_vResetParams
 .text.MAX30102_vGetCurrentReading
                0x00002134       0x3c ./HAL/HR_OXIMETER/HR_OXIMETER_prg.o
                0x00002134                MAX30102_vGetCurrentReading
 .text.getRegContentOnce
                0x00002170       0x4e ./HAL/HR_OXIMETER/HR_OXIMETER_prg.o
 .text.MAX30102_vGetPartINFO
                0x000021be       0x2e ./HAL/HR_OXIMETER/HR_OXIMETER_prg.o
                0x000021be                MAX30102_vGetPartINFO
 .text.wrtRegContent
                0x000021ec       0x3e ./HAL/HR_OXIMETER/HR_OXIMETER_prg.o
 .text.MAX30102_vWakeUp
                0x0000222a       0x16 ./HAL/HR_OXIMETER/HR_OXIMETER_prg.o
                0x0000222a                MAX30102_vWakeUp
 .text.MAX30102_vShutDown
                0x00002240       0x16 ./HAL/HR_OXIMETER/HR_OXIMETER_prg.o
                0x00002240                MAX30102_vShutDown
 .text.MAX30102_u8CheckBeat
                0x00002256      0x280 ./HAL/HR_OXIMETER/HR_OXIMETER_prg.o
                0x00002256                MAX30102_u8CheckBeat
 .text.sendAsInteger
                0x000024d6       0xf4 ./HAL/HR_OXIMETER/HR_OXIMETER_prg.o
 .text.MAX30102_ReadFIFO
                0x000025ca      0x126 ./HAL/HR_OXIMETER/HR_OXIMETER_prg.o
                0x000025ca                MAX30102_ReadFIFO
 .text.MAX30102_boolCheckContact
                0x000026f0       0x6c ./HAL/HR_OXIMETER/HR_OXIMETER_prg.o
                0x000026f0                MAX30102_boolCheckContact
 .text.MAX30102_vUpdate
                0x0000275c      0x382 ./HAL/HR_OXIMETER/HR_OXIMETER_prg.o
                0x0000275c                MAX30102_vUpdate
 .text.MAX30102_vUpdate2
                0x00002ade      0x31c ./HAL/HR_OXIMETER/HR_OXIMETER_prg.o
                0x00002ade                MAX30102_vUpdate2
 .text.MAX30102_vInit
                0x00002dfa      0x11a ./HAL/HR_OXIMETER/HR_OXIMETER_prg.o
                0x00002dfa                MAX30102_vInit
 .text.HR_OXIMETER_DCRemoval
                0x00002f14       0x9e ./HAL/HR_OXIMETER/filters.o
                0x00002f14                HR_OXIMETER_DCRemoval
 .text.HR_OXIMETER_f32MeanDiff
                0x00002fb2       0xf0 ./HAL/HR_OXIMETER/filters.o
                0x00002fb2                HR_OXIMETER_f32MeanDiff
 .text.HR_OXIMETER_vLowPassButterworthFilter
                0x000030a2       0x8a ./HAL/HR_OXIMETER/filters.o
                0x000030a2                HR_OXIMETER_vLowPassButterworthFilter
 .text.HC_vWakeUp
                0x0000312c       0x28 ./HAL/HC/HC_prg.o
                0x0000312c                HC_vWakeUp
 .text.HC_vSendString
                0x00003154        0x6 ./HAL/HC/HC_prg.o
                0x00003154                HC_vSendString
 .text.sendCommand
                0x0000315a       0x38 ./HAL/HC/HC_prg.o
 .text.HC_vSleep
                0x00003192        0xa ./HAL/HC/HC_prg.o
                0x00003192                HC_vSleep
 .text.HC_vOneTimeConfig
                0x0000319c       0x1a ./HAL/HC/HC_prg.o
                0x0000319c                HC_vOneTimeConfig
 .text.HC_u8ReceiveDataSync
                0x000031b6        0x6 ./HAL/HC/HC_prg.o
                0x000031b6                HC_u8ReceiveDataSync
 .text.HC_u8Test
                0x000031bc       0x6a ./HAL/HC/HC_prg.o
                0x000031bc                HC_u8Test
 .text.HC_u8ReceiveDataAsync
                0x00003226        0x6 ./HAL/HC/HC_prg.o
                0x00003226                HC_u8ReceiveDataAsync
 .text.HC_vSendDataAsync
                0x0000322c        0x6 ./HAL/HC/HC_prg.o
                0x0000322c                HC_vSendDataAsync
 .text.HC_vSendData
                0x00003232        0x8 ./HAL/HC/HC_prg.o
                0x00003232                HC_vSendData
 .text.HC_vInit
                0x0000323a        0xa ./HAL/HC/HC_prg.o
                0x0000323a                HC_vInit
 .text.FLASH_vTog
                0x00003244        0xa ./HAL/FLASH/FLASH_prg.o
                0x00003244                FLASH_vTog
 .text.FLASH_vInit
                0x0000324e        0xc ./HAL/FLASH/FLASH_prg.o
                0x0000324e                FLASH_vInit
 .text.BAT_u8GetPercentage
                0x0000325a       0x42 ./HAL/BAT/BAT_prg.o
                0x0000325a                BAT_u8GetPercentage
 .text.BAT_vInit
                0x0000329c        0x6 ./HAL/BAT/BAT_prg.o
                0x0000329c                BAT_vInit
 .text.writeData
                0x000032a2       0x5c ./HAL/ADXL/ADXL_prg.o
 .text.ADXL_vStandbyMode
                0x000032fe        0xa ./HAL/ADXL/ADXL_prg.o
                0x000032fe                ADXL_vStandbyMode
 .text.ADXL_vSleepMode
                0x00003308       0x1a ./HAL/ADXL/ADXL_prg.o
                0x00003308                ADXL_vSleepMode
 .text.ADXL_vReadAllAxes
                0x00003322      0x230 ./HAL/ADXL/ADXL_prg.o
                0x00003322                ADXL_vReadAllAxes
 .text.ADXL_vInit
                0x00003552       0x1e ./HAL/ADXL/ADXL_prg.o
                0x00003552                ADXL_vInit
 .text.EMRG_vStart
                0x00003570       0x28 ./App/EMRG/EMRG.o
                0x00003570                EMRG_vStart
 .text.main     0x00003598      0x2cc ./App/main.o
                0x00003598                main
 .text.libgcc   0x00003864       0x18 c:/users/20109/onedrive/desktop/imt/tools/imt_sdk_win_64/winavr/bin/../lib/gcc/avr/4.3.3/avr5\libgcc.a(_udivmodqi4.o)
                0x00003864                __udivmodqi4
 .text.libgcc   0x0000387c       0x36 c:/users/20109/onedrive/desktop/imt/tools/imt_sdk_win_64/winavr/bin/../lib/gcc/avr/4.3.3/avr5\libgcc.a(_divmodsi4.o)
                0x0000387c                __divmodsi4
 .text.libgcc   0x000038b2        0x0 c:/users/20109/onedrive/desktop/imt/tools/imt_sdk_win_64/winavr/bin/../lib/gcc/avr/4.3.3/avr5\libgcc.a(_exit.o)
 .text.libgcc   0x000038b2        0x0 c:/users/20109/onedrive/desktop/imt/tools/imt_sdk_win_64/winavr/bin/../lib/gcc/avr/4.3.3/avr5\libgcc.a(_copy_data.o)
 .text.libgcc   0x000038b2        0x0 c:/users/20109/onedrive/desktop/imt/tools/imt_sdk_win_64/winavr/bin/../lib/gcc/avr/4.3.3/avr5\libgcc.a(_clear_bss.o)
 .text.libgcc   0x000038b2       0x44 c:/users/20109/onedrive/desktop/imt/tools/imt_sdk_win_64/winavr/bin/../lib/gcc/avr/4.3.3/avr5\libgcc.a(_udivmodsi4.o)
                0x000038b2                __udivmodsi4
 .text.libgcc   0x000038f6       0x38 c:/users/20109/onedrive/desktop/imt/tools/imt_sdk_win_64/winavr/bin/../lib/gcc/avr/4.3.3/avr5\libgcc.a(_prologue.o)
                0x000038f6                __prologue_saves__
 .text.libgcc   0x0000392e       0x36 c:/users/20109/onedrive/desktop/imt/tools/imt_sdk_win_64/winavr/bin/../lib/gcc/avr/4.3.3/avr5\libgcc.a(_epilogue.o)
                0x0000392e                __epilogue_restores__
 .text.avr-libc
                0x00003964       0x12 c:/users/20109/onedrive/desktop/imt/tools/imt_sdk_win_64/winavr/bin/../lib/gcc/avr/4.3.3/../../../../avr/lib/avr5\libc.a(strcmp.o)
                0x00003964                strcmp
 .text.avr-libc
                0x00003976       0x62 c:/users/20109/onedrive/desktop/imt/tools/imt_sdk_win_64/winavr/bin/../lib/gcc/avr/4.3.3/../../../../avr/lib/avr5\libc.a(snprintf.o)
                0x00003976                snprintf
 .text.avr-libc.fplib
                0x000039d8       0x26 c:/users/20109/onedrive/desktop/imt/tools/imt_sdk_win_64/winavr/bin/../lib/gcc/avr/4.3.3/../../../../avr/lib/avr5\libc.a(ceil.o)
                0x000039d8                ceil
 .text.avr-libc.fplib
                0x000039fe       0x36 c:/users/20109/onedrive/desktop/imt/tools/imt_sdk_win_64/winavr/bin/../lib/gcc/avr/4.3.3/../../../../avr/lib/avr5\libc.a(fp_mintl.o)
                0x000039fe                __fp_mintl
 .text.avr-libc.fplib
                0x00003a34       0x1c c:/users/20109/onedrive/desktop/imt/tools/imt_sdk_win_64/winavr/bin/../lib/gcc/avr/4.3.3/../../../../avr/lib/avr5\libc.a(fp_mpack.o)
                0x00003a38                __fp_mpack_finite
                0x00003a34                __fp_mpack
 .text.avr-libc.fplib
                0x00003a50       0x2e c:/users/20109/onedrive/desktop/imt/tools/imt_sdk_win_64/winavr/bin/../lib/gcc/avr/4.3.3/../../../../avr/lib/avr5\libc.a(fp_trunc.o)
                0x00003a50                __fp_trunc
 .text.avr-libc.fplib
                0x00003a7e        0xe c:/users/20109/onedrive/desktop/imt/tools/imt_sdk_win_64/winavr/bin/../lib/gcc/avr/4.3.3/../../../../avr/lib/avr5\libc.a(fp_zero.o)
                0x00003a7e                __fp_zero
                0x00003a80                __fp_szero
 .text.avr-libc.fplib
                0x00003a8c       0x84 c:/users/20109/onedrive/desktop/imt/tools/imt_sdk_win_64/winavr/bin/../lib/gcc/avr/4.3.3/../../../../avr/lib/avr5\libc.a(sqrt.o)
                0x00003a94                sqrt
 .text.avr-libc
                0x00003b10      0x3ba c:/users/20109/onedrive/desktop/imt/tools/imt_sdk_win_64/winavr/bin/../lib/gcc/avr/4.3.3/../../../../avr/lib/avr5\libc.a(vfprintf_std.o)
                0x00003b10                vfprintf
 .text.avr-libc
                0x00003eca       0x16 c:/users/20109/onedrive/desktop/imt/tools/imt_sdk_win_64/winavr/bin/../lib/gcc/avr/4.3.3/../../../../avr/lib/avr5\libc.a(strnlen_P.o)
                0x00003eca                strnlen_P
 .text.avr-libc
                0x00003ee0       0x16 c:/users/20109/onedrive/desktop/imt/tools/imt_sdk_win_64/winavr/bin/../lib/gcc/avr/4.3.3/../../../../avr/lib/avr5\libc.a(strnlen.o)
                0x00003ee0                strnlen
 .text.avr-libc
                0x00003ef6       0x58 c:/users/20109/onedrive/desktop/imt/tools/imt_sdk_win_64/winavr/bin/../lib/gcc/avr/4.3.3/../../../../avr/lib/avr5\libc.a(fputc.o)
                0x00003ef6                fputc
 .text.avr-libc
                0x00003f4e       0xbc c:/users/20109/onedrive/desktop/imt/tools/imt_sdk_win_64/winavr/bin/../lib/gcc/avr/4.3.3/../../../../avr/lib/avr5\libc.a(ultoa_invert.o)
                0x00003f4e                __ultoa_invert
 .text.avr-libc.fplib
                0x0000400a        0x6 c:/users/20109/onedrive/desktop/imt/tools/imt_sdk_win_64/winavr/bin/../lib/gcc/avr/4.3.3/../../../../avr/lib/avr5\libc.a(fp_nan.o)
                0x0000400a                __fp_nan
 .text.avr-libc.fplib
                0x00004010        0xe c:/users/20109/onedrive/desktop/imt/tools/imt_sdk_win_64/winavr/bin/../lib/gcc/avr/4.3.3/../../../../avr/lib/avr5\libc.a(fp_norm2.o)
                0x00004010                __fp_norm2
 .text.avr-libc.fplib
                0x0000401e       0x44 c:/users/20109/onedrive/desktop/imt/tools/imt_sdk_win_64/winavr/bin/../lib/gcc/avr/4.3.3/../../../../avr/lib/avr5\libc.a(fp_split3.o)
                0x0000401e                __fp_split3
                0x0000402e                __fp_splitA
                0x00004062                . = ALIGN (0x2)
 *(.fini9)
 .fini9         0x00004062        0x0 c:/users/20109/onedrive/desktop/imt/tools/imt_sdk_win_64/winavr/bin/../lib/gcc/avr/4.3.3/avr5\libgcc.a(_exit.o)
                0x00004062                exit
                0x00004062                _exit
 *(.fini9)
 *(.fini8)
 *(.fini8)
 *(.fini7)
 *(.fini7)
 *(.fini6)
 *(.fini6)
 *(.fini5)
 *(.fini5)
 *(.fini4)
 *(.fini4)
 *(.fini3)
 *(.fini3)
 *(.fini2)
 *(.fini2)
 *(.fini1)
 *(.fini1)
 *(.fini0)
 .fini0         0x00004062        0x4 c:/users/20109/onedrive/desktop/imt/tools/imt_sdk_win_64/winavr/bin/../lib/gcc/avr/4.3.3/avr5\libgcc.a(_exit.o)
 *(.fini0)
                0x00004066                _etext = .

.data           0x00800100      0x1a2 load address 0x00004066
                0x00800100                PROVIDE (__data_start, .)
 *(.data)
 .data          0x00800100        0x0 c:/users/20109/onedrive/desktop/imt/tools/imt_sdk_win_64/winavr/bin/../lib/gcc/avr/4.3.3/../../../../avr/lib/avr5/crtm328p.o
 .data          0x00800100        0x0 ./Service/TIME/TIME_prg.o
 .data          0x00800100       0x5c ./Service/JSON/JSON_prg.o
 .data          0x0080015c        0x0 ./Service/COMM/COMM_prg.o
 .data          0x0080015c        0x0 ./MCAL/WDT/WDT_prg.o
 .data          0x0080015c        0x0 ./MCAL/UART/UART_prg.o
 .data          0x0080015c        0x0 ./MCAL/TWI/TWI_prg.o
 .data          0x0080015c        0x0 ./MCAL/TIM2/TIM2_prg.o
 .data          0x0080015c        0x0 ./MCAL/TIM1/TIM1_prg.o
 .data          0x0080015c        0x0 ./MCAL/TIM0/TIM0_prg.o
 .data          0x0080015c        0x0 ./MCAL/GIE/GIE_prg.o
 .data          0x0080015c        0x0 ./MCAL/EXTI/EXTI_prg.o
 .data          0x0080015c        0x0 ./MCAL/DIO/DIO_prg.o
 .data          0x0080015c        0x0 ./MCAL/ADC/ADC_prg.o
 .data          0x0080015c        0x0 ./HAL/HR_OXIMETER/HR_OXIMETER_prg.o
 .data          0x0080015c        0x0 ./HAL/HR_OXIMETER/filters.o
 .data          0x0080015c       0x25 ./HAL/HC/HC_prg.o
 .data          0x00800181        0x0 ./HAL/FLASH/FLASH_prg.o
 .data          0x00800181        0x0 ./HAL/BAT/BAT_prg.o
 .data          0x00800181        0x0 ./HAL/ADXL/ADXL_prg.o
 .data          0x00800181        0x0 ./App/EMRG/EMRG.o
 .data          0x00800181       0x17 ./App/main.o
 .data          0x00800198        0x0 c:/users/20109/onedrive/desktop/imt/tools/imt_sdk_win_64/winavr/bin/../lib/gcc/avr/4.3.3/avr5\libgcc.a(_udivmodqi4.o)
 .data          0x00800198        0x0 c:/users/20109/onedrive/desktop/imt/tools/imt_sdk_win_64/winavr/bin/../lib/gcc/avr/4.3.3/avr5\libgcc.a(_divmodsi4.o)
 .data          0x00800198        0x0 c:/users/20109/onedrive/desktop/imt/tools/imt_sdk_win_64/winavr/bin/../lib/gcc/avr/4.3.3/avr5\libgcc.a(_exit.o)
 .data          0x00800198        0x0 c:/users/20109/onedrive/desktop/imt/tools/imt_sdk_win_64/winavr/bin/../lib/gcc/avr/4.3.3/avr5\libgcc.a(_copy_data.o)
 .data          0x00800198        0x0 c:/users/20109/onedrive/desktop/imt/tools/imt_sdk_win_64/winavr/bin/../lib/gcc/avr/4.3.3/avr5\libgcc.a(_clear_bss.o)
 .data          0x00800198        0x0 c:/users/20109/onedrive/desktop/imt/tools/imt_sdk_win_64/winavr/bin/../lib/gcc/avr/4.3.3/avr5\libgcc.a(_fixunssfsi.o)
 .data          0x00800198        0x0 c:/users/20109/onedrive/desktop/imt/tools/imt_sdk_win_64/winavr/bin/../lib/gcc/avr/4.3.3/avr5\libgcc.a(_addsub_sf.o)
 .data          0x00800198        0x0 c:/users/20109/onedrive/desktop/imt/tools/imt_sdk_win_64/winavr/bin/../lib/gcc/avr/4.3.3/avr5\libgcc.a(_mul_sf.o)
 .data          0x00800198        0x0 c:/users/20109/onedrive/desktop/imt/tools/imt_sdk_win_64/winavr/bin/../lib/gcc/avr/4.3.3/avr5\libgcc.a(_div_sf.o)
 .data          0x00800198        0x0 c:/users/20109/onedrive/desktop/imt/tools/imt_sdk_win_64/winavr/bin/../lib/gcc/avr/4.3.3/avr5\libgcc.a(_gt_sf.o)
 .data          0x00800198        0x0 c:/users/20109/onedrive/desktop/imt/tools/imt_sdk_win_64/winavr/bin/../lib/gcc/avr/4.3.3/avr5\libgcc.a(_ge_sf.o)
 .data          0x00800198        0x0 c:/users/20109/onedrive/desktop/imt/tools/imt_sdk_win_64/winavr/bin/../lib/gcc/avr/4.3.3/avr5\libgcc.a(_lt_sf.o)
 .data          0x00800198        0x0 c:/users/20109/onedrive/desktop/imt/tools/imt_sdk_win_64/winavr/bin/../lib/gcc/avr/4.3.3/avr5\libgcc.a(_si_to_sf.o)
 .data          0x00800198        0x0 c:/users/20109/onedrive/desktop/imt/tools/imt_sdk_win_64/winavr/bin/../lib/gcc/avr/4.3.3/avr5\libgcc.a(_sf_to_si.o)
 .data          0x00800198        0x8 c:/users/20109/onedrive/desktop/imt/tools/imt_sdk_win_64/winavr/bin/../lib/gcc/avr/4.3.3/avr5\libgcc.a(_thenan_sf.o)
                0x00800198                __thenan_sf
 .data          0x008001a0        0x0 c:/users/20109/onedrive/desktop/imt/tools/imt_sdk_win_64/winavr/bin/../lib/gcc/avr/4.3.3/avr5\libgcc.a(_usi_to_sf.o)
 .data          0x008001a0        0x0 c:/users/20109/onedrive/desktop/imt/tools/imt_sdk_win_64/winavr/bin/../lib/gcc/avr/4.3.3/avr5\libgcc.a(_udivmodsi4.o)
 .data          0x008001a0        0x0 c:/users/20109/onedrive/desktop/imt/tools/imt_sdk_win_64/winavr/bin/../lib/gcc/avr/4.3.3/avr5\libgcc.a(_prologue.o)
 .data          0x008001a0        0x0 c:/users/20109/onedrive/desktop/imt/tools/imt_sdk_win_64/winavr/bin/../lib/gcc/avr/4.3.3/avr5\libgcc.a(_epilogue.o)
 .data          0x008001a0        0x0 c:/users/20109/onedrive/desktop/imt/tools/imt_sdk_win_64/winavr/bin/../lib/gcc/avr/4.3.3/avr5\libgcc.a(_clzsi2.o)
 .data          0x008001a0        0x0 c:/users/20109/onedrive/desktop/imt/tools/imt_sdk_win_64/winavr/bin/../lib/gcc/avr/4.3.3/avr5\libgcc.a(_pack_sf.o)
 .data          0x008001a0        0x0 c:/users/20109/onedrive/desktop/imt/tools/imt_sdk_win_64/winavr/bin/../lib/gcc/avr/4.3.3/avr5\libgcc.a(_unpack_sf.o)
 .data          0x008001a0        0x0 c:/users/20109/onedrive/desktop/imt/tools/imt_sdk_win_64/winavr/bin/../lib/gcc/avr/4.3.3/avr5\libgcc.a(_fpcmp_parts_sf.o)
 .data          0x008001a0      0x100 c:/users/20109/onedrive/desktop/imt/tools/imt_sdk_win_64/winavr/bin/../lib/gcc/avr/4.3.3/avr5\libgcc.a(_clz.o)
                0x008001a0                __clz_tab
 .data          0x008002a0        0x0 c:/users/20109/onedrive/desktop/imt/tools/imt_sdk_win_64/winavr/bin/../lib/gcc/avr/4.3.3/../../../../avr/lib/avr5\libc.a(strcmp.o)
 .data          0x008002a0        0x0 c:/users/20109/onedrive/desktop/imt/tools/imt_sdk_win_64/winavr/bin/../lib/gcc/avr/4.3.3/../../../../avr/lib/avr5\libc.a(snprintf.o)
 .data          0x008002a0        0x0 c:/users/20109/onedrive/desktop/imt/tools/imt_sdk_win_64/winavr/bin/../lib/gcc/avr/4.3.3/../../../../avr/lib/avr5\libc.a(ceil.o)
 .data          0x008002a0        0x0 c:/users/20109/onedrive/desktop/imt/tools/imt_sdk_win_64/winavr/bin/../lib/gcc/avr/4.3.3/../../../../avr/lib/avr5\libc.a(fp_mintl.o)
 .data          0x008002a0        0x0 c:/users/20109/onedrive/desktop/imt/tools/imt_sdk_win_64/winavr/bin/../lib/gcc/avr/4.3.3/../../../../avr/lib/avr5\libc.a(fp_mpack.o)
 .data          0x008002a0        0x0 c:/users/20109/onedrive/desktop/imt/tools/imt_sdk_win_64/winavr/bin/../lib/gcc/avr/4.3.3/../../../../avr/lib/avr5\libc.a(fp_trunc.o)
 .data          0x008002a0        0x0 c:/users/20109/onedrive/desktop/imt/tools/imt_sdk_win_64/winavr/bin/../lib/gcc/avr/4.3.3/../../../../avr/lib/avr5\libc.a(fp_zero.o)
 .data          0x008002a0        0x0 c:/users/20109/onedrive/desktop/imt/tools/imt_sdk_win_64/winavr/bin/../lib/gcc/avr/4.3.3/../../../../avr/lib/avr5\libc.a(sqrt.o)
 .data          0x008002a0        0x0 c:/users/20109/onedrive/desktop/imt/tools/imt_sdk_win_64/winavr/bin/../lib/gcc/avr/4.3.3/../../../../avr/lib/avr5\libc.a(vfprintf_std.o)
 .data          0x008002a0        0x0 c:/users/20109/onedrive/desktop/imt/tools/imt_sdk_win_64/winavr/bin/../lib/gcc/avr/4.3.3/../../../../avr/lib/avr5\libc.a(strnlen_P.o)
 .data          0x008002a0        0x0 c:/users/20109/onedrive/desktop/imt/tools/imt_sdk_win_64/winavr/bin/../lib/gcc/avr/4.3.3/../../../../avr/lib/avr5\libc.a(strnlen.o)
 .data          0x008002a0        0x0 c:/users/20109/onedrive/desktop/imt/tools/imt_sdk_win_64/winavr/bin/../lib/gcc/avr/4.3.3/../../../../avr/lib/avr5\libc.a(fputc.o)
 .data          0x008002a0        0x0 c:/users/20109/onedrive/desktop/imt/tools/imt_sdk_win_64/winavr/bin/../lib/gcc/avr/4.3.3/../../../../avr/lib/avr5\libc.a(ultoa_invert.o)
 .data          0x008002a0        0x0 c:/users/20109/onedrive/desktop/imt/tools/imt_sdk_win_64/winavr/bin/../lib/gcc/avr/4.3.3/../../../../avr/lib/avr5\libc.a(fp_nan.o)
 .data          0x008002a0        0x0 c:/users/20109/onedrive/desktop/imt/tools/imt_sdk_win_64/winavr/bin/../lib/gcc/avr/4.3.3/../../../../avr/lib/avr5\libc.a(fp_norm2.o)
 .data          0x008002a0        0x0 c:/users/20109/onedrive/desktop/imt/tools/imt_sdk_win_64/winavr/bin/../lib/gcc/avr/4.3.3/../../../../avr/lib/avr5\libc.a(fp_split3.o)
 *(.data*)
 .data.G_u8currentState
                0x008002a0        0x1 ./App/main.o
                0x008002a0                G_u8currentState
 *(.rodata)
 *(.rodata*)
 *(.gnu.linkonce.d*)
                0x008002a2                . = ALIGN (0x2)
 *fill*         0x008002a1        0x1 00
                0x008002a2                _edata = .
                0x008002a2                PROVIDE (__data_end, .)

.bss            0x008002a2      0x270
                0x008002a2                PROVIDE (__bss_start, .)
 *(.bss)
 .bss           0x008002a2        0x0 c:/users/20109/onedrive/desktop/imt/tools/imt_sdk_win_64/winavr/bin/../lib/gcc/avr/4.3.3/../../../../avr/lib/avr5/crtm328p.o
 .bss           0x008002a2        0x0 ./Service/TIME/TIME_prg.o
 .bss           0x008002a2        0x0 ./Service/JSON/JSON_prg.o
 .bss           0x008002a2        0x0 ./Service/COMM/COMM_prg.o
 .bss           0x008002a2        0x0 ./MCAL/WDT/WDT_prg.o
 .bss           0x008002a2        0x0 ./MCAL/UART/UART_prg.o
 .bss           0x008002a2        0x0 ./MCAL/TWI/TWI_prg.o
 .bss           0x008002a2        0x0 ./MCAL/TIM2/TIM2_prg.o
 .bss           0x008002a2        0x0 ./MCAL/TIM1/TIM1_prg.o
 .bss           0x008002a2        0x0 ./MCAL/TIM0/TIM0_prg.o
 .bss           0x008002a2        0x0 ./MCAL/GIE/GIE_prg.o
 .bss           0x008002a2        0x0 ./MCAL/EXTI/EXTI_prg.o
 .bss           0x008002a2        0x0 ./MCAL/DIO/DIO_prg.o
 .bss           0x008002a2        0x0 ./MCAL/ADC/ADC_prg.o
 .bss           0x008002a2        0x0 ./HAL/HR_OXIMETER/HR_OXIMETER_prg.o
 .bss           0x008002a2        0x0 ./HAL/HR_OXIMETER/filters.o
 .bss           0x008002a2        0x0 ./HAL/HC/HC_prg.o
 .bss           0x008002a2        0x0 ./HAL/FLASH/FLASH_prg.o
 .bss           0x008002a2        0x0 ./HAL/BAT/BAT_prg.o
 .bss           0x008002a2        0x0 ./HAL/ADXL/ADXL_prg.o
 .bss           0x008002a2        0x0 ./App/EMRG/EMRG.o
 .bss           0x008002a2        0x0 ./App/main.o
 .bss           0x008002a2        0x0 c:/users/20109/onedrive/desktop/imt/tools/imt_sdk_win_64/winavr/bin/../lib/gcc/avr/4.3.3/avr5\libgcc.a(_udivmodqi4.o)
 .bss           0x008002a2        0x0 c:/users/20109/onedrive/desktop/imt/tools/imt_sdk_win_64/winavr/bin/../lib/gcc/avr/4.3.3/avr5\libgcc.a(_divmodsi4.o)
 .bss           0x008002a2        0x0 c:/users/20109/onedrive/desktop/imt/tools/imt_sdk_win_64/winavr/bin/../lib/gcc/avr/4.3.3/avr5\libgcc.a(_exit.o)
 .bss           0x008002a2        0x0 c:/users/20109/onedrive/desktop/imt/tools/imt_sdk_win_64/winavr/bin/../lib/gcc/avr/4.3.3/avr5\libgcc.a(_copy_data.o)
 .bss           0x008002a2        0x0 c:/users/20109/onedrive/desktop/imt/tools/imt_sdk_win_64/winavr/bin/../lib/gcc/avr/4.3.3/avr5\libgcc.a(_clear_bss.o)
 .bss           0x008002a2        0x0 c:/users/20109/onedrive/desktop/imt/tools/imt_sdk_win_64/winavr/bin/../lib/gcc/avr/4.3.3/avr5\libgcc.a(_fixunssfsi.o)
 .bss           0x008002a2        0x0 c:/users/20109/onedrive/desktop/imt/tools/imt_sdk_win_64/winavr/bin/../lib/gcc/avr/4.3.3/avr5\libgcc.a(_addsub_sf.o)
 .bss           0x008002a2        0x0 c:/users/20109/onedrive/desktop/imt/tools/imt_sdk_win_64/winavr/bin/../lib/gcc/avr/4.3.3/avr5\libgcc.a(_mul_sf.o)
 .bss           0x008002a2        0x0 c:/users/20109/onedrive/desktop/imt/tools/imt_sdk_win_64/winavr/bin/../lib/gcc/avr/4.3.3/avr5\libgcc.a(_div_sf.o)
 .bss           0x008002a2        0x0 c:/users/20109/onedrive/desktop/imt/tools/imt_sdk_win_64/winavr/bin/../lib/gcc/avr/4.3.3/avr5\libgcc.a(_gt_sf.o)
 .bss           0x008002a2        0x0 c:/users/20109/onedrive/desktop/imt/tools/imt_sdk_win_64/winavr/bin/../lib/gcc/avr/4.3.3/avr5\libgcc.a(_ge_sf.o)
 .bss           0x008002a2        0x0 c:/users/20109/onedrive/desktop/imt/tools/imt_sdk_win_64/winavr/bin/../lib/gcc/avr/4.3.3/avr5\libgcc.a(_lt_sf.o)
 .bss           0x008002a2        0x0 c:/users/20109/onedrive/desktop/imt/tools/imt_sdk_win_64/winavr/bin/../lib/gcc/avr/4.3.3/avr5\libgcc.a(_si_to_sf.o)
 .bss           0x008002a2        0x0 c:/users/20109/onedrive/desktop/imt/tools/imt_sdk_win_64/winavr/bin/../lib/gcc/avr/4.3.3/avr5\libgcc.a(_sf_to_si.o)
 .bss           0x008002a2        0x0 c:/users/20109/onedrive/desktop/imt/tools/imt_sdk_win_64/winavr/bin/../lib/gcc/avr/4.3.3/avr5\libgcc.a(_thenan_sf.o)
 .bss           0x008002a2        0x0 c:/users/20109/onedrive/desktop/imt/tools/imt_sdk_win_64/winavr/bin/../lib/gcc/avr/4.3.3/avr5\libgcc.a(_usi_to_sf.o)
 .bss           0x008002a2        0x0 c:/users/20109/onedrive/desktop/imt/tools/imt_sdk_win_64/winavr/bin/../lib/gcc/avr/4.3.3/avr5\libgcc.a(_udivmodsi4.o)
 .bss           0x008002a2        0x0 c:/users/20109/onedrive/desktop/imt/tools/imt_sdk_win_64/winavr/bin/../lib/gcc/avr/4.3.3/avr5\libgcc.a(_prologue.o)
 .bss           0x008002a2        0x0 c:/users/20109/onedrive/desktop/imt/tools/imt_sdk_win_64/winavr/bin/../lib/gcc/avr/4.3.3/avr5\libgcc.a(_epilogue.o)
 .bss           0x008002a2        0x0 c:/users/20109/onedrive/desktop/imt/tools/imt_sdk_win_64/winavr/bin/../lib/gcc/avr/4.3.3/avr5\libgcc.a(_clzsi2.o)
 .bss           0x008002a2        0x0 c:/users/20109/onedrive/desktop/imt/tools/imt_sdk_win_64/winavr/bin/../lib/gcc/avr/4.3.3/avr5\libgcc.a(_pack_sf.o)
 .bss           0x008002a2        0x0 c:/users/20109/onedrive/desktop/imt/tools/imt_sdk_win_64/winavr/bin/../lib/gcc/avr/4.3.3/avr5\libgcc.a(_unpack_sf.o)
 .bss           0x008002a2        0x0 c:/users/20109/onedrive/desktop/imt/tools/imt_sdk_win_64/winavr/bin/../lib/gcc/avr/4.3.3/avr5\libgcc.a(_fpcmp_parts_sf.o)
 .bss           0x008002a2        0x0 c:/users/20109/onedrive/desktop/imt/tools/imt_sdk_win_64/winavr/bin/../lib/gcc/avr/4.3.3/avr5\libgcc.a(_clz.o)
 .bss           0x008002a2        0x0 c:/users/20109/onedrive/desktop/imt/tools/imt_sdk_win_64/winavr/bin/../lib/gcc/avr/4.3.3/../../../../avr/lib/avr5\libc.a(strcmp.o)
 .bss           0x008002a2        0x0 c:/users/20109/onedrive/desktop/imt/tools/imt_sdk_win_64/winavr/bin/../lib/gcc/avr/4.3.3/../../../../avr/lib/avr5\libc.a(snprintf.o)
 .bss           0x008002a2        0x0 c:/users/20109/onedrive/desktop/imt/tools/imt_sdk_win_64/winavr/bin/../lib/gcc/avr/4.3.3/../../../../avr/lib/avr5\libc.a(ceil.o)
 .bss           0x008002a2        0x0 c:/users/20109/onedrive/desktop/imt/tools/imt_sdk_win_64/winavr/bin/../lib/gcc/avr/4.3.3/../../../../avr/lib/avr5\libc.a(fp_mintl.o)
 .bss           0x008002a2        0x0 c:/users/20109/onedrive/desktop/imt/tools/imt_sdk_win_64/winavr/bin/../lib/gcc/avr/4.3.3/../../../../avr/lib/avr5\libc.a(fp_mpack.o)
 .bss           0x008002a2        0x0 c:/users/20109/onedrive/desktop/imt/tools/imt_sdk_win_64/winavr/bin/../lib/gcc/avr/4.3.3/../../../../avr/lib/avr5\libc.a(fp_trunc.o)
 .bss           0x008002a2        0x0 c:/users/20109/onedrive/desktop/imt/tools/imt_sdk_win_64/winavr/bin/../lib/gcc/avr/4.3.3/../../../../avr/lib/avr5\libc.a(fp_zero.o)
 .bss           0x008002a2        0x0 c:/users/20109/onedrive/desktop/imt/tools/imt_sdk_win_64/winavr/bin/../lib/gcc/avr/4.3.3/../../../../avr/lib/avr5\libc.a(sqrt.o)
 .bss           0x008002a2        0x0 c:/users/20109/onedrive/desktop/imt/tools/imt_sdk_win_64/winavr/bin/../lib/gcc/avr/4.3.3/../../../../avr/lib/avr5\libc.a(vfprintf_std.o)
 .bss           0x008002a2        0x0 c:/users/20109/onedrive/desktop/imt/tools/imt_sdk_win_64/winavr/bin/../lib/gcc/avr/4.3.3/../../../../avr/lib/avr5\libc.a(strnlen_P.o)
 .bss           0x008002a2        0x0 c:/users/20109/onedrive/desktop/imt/tools/imt_sdk_win_64/winavr/bin/../lib/gcc/avr/4.3.3/../../../../avr/lib/avr5\libc.a(strnlen.o)
 .bss           0x008002a2        0x0 c:/users/20109/onedrive/desktop/imt/tools/imt_sdk_win_64/winavr/bin/../lib/gcc/avr/4.3.3/../../../../avr/lib/avr5\libc.a(fputc.o)
 .bss           0x008002a2        0x0 c:/users/20109/onedrive/desktop/imt/tools/imt_sdk_win_64/winavr/bin/../lib/gcc/avr/4.3.3/../../../../avr/lib/avr5\libc.a(ultoa_invert.o)
 .bss           0x008002a2        0x0 c:/users/20109/onedrive/desktop/imt/tools/imt_sdk_win_64/winavr/bin/../lib/gcc/avr/4.3.3/../../../../avr/lib/avr5\libc.a(fp_nan.o)
 .bss           0x008002a2        0x0 c:/users/20109/onedrive/desktop/imt/tools/imt_sdk_win_64/winavr/bin/../lib/gcc/avr/4.3.3/../../../../avr/lib/avr5\libc.a(fp_norm2.o)
 .bss           0x008002a2        0x0 c:/users/20109/onedrive/desktop/imt/tools/imt_sdk_win_64/winavr/bin/../lib/gcc/avr/4.3.3/../../../../avr/lib/avr5\libc.a(fp_split3.o)
 *(.bss*)
 .bss.G_u32Time
                0x008002a2        0x4 ./Service/TIME/TIME_prg.o
 .bss.G_RX_COMPLETE_PTR_Iu16_Ov
                0x008002a6        0x2 ./MCAL/UART/UART_prg.o
                0x008002a6                G_RX_COMPLETE_PTR_Iu16_Ov
 .bss.G_TX_COMPLETE_PTR_Iv_Ov
                0x008002a8        0x2 ./MCAL/UART/UART_prg.o
                0x008002a8                G_TX_COMPLETE_PTR_Iv_Ov
 .bss.G_UDRE_PTR_Iv_Ov
                0x008002aa        0x2 ./MCAL/UART/UART_prg.o
                0x008002aa                G_UDRE_PTR_Iv_Ov
 .bss.G_PTRF_TIM2_OVF
                0x008002ac        0x2 ./MCAL/TIM2/TIM2_prg.o
                0x008002ac                G_PTRF_TIM2_OVF
 .bss.G_PTRF_TIM2_CTC_OCF2A
                0x008002ae        0x2 ./MCAL/TIM2/TIM2_prg.o
                0x008002ae                G_PTRF_TIM2_CTC_OCF2A
 .bss.G_PTRF_TIM2_CTC_OCF2B
                0x008002b0        0x2 ./MCAL/TIM2/TIM2_prg.o
                0x008002b0                G_PTRF_TIM2_CTC_OCF2B
 .bss.G_PTRF_TIM1_OVF
                0x008002b2        0x2 ./MCAL/TIM1/TIM1_prg.o
                0x008002b2                G_PTRF_TIM1_OVF
 .bss.G_PTRF_TIM1_OC1AF
                0x008002b4        0x2 ./MCAL/TIM1/TIM1_prg.o
                0x008002b4                G_PTRF_TIM1_OC1AF
 .bss.G_PTRF_TIM1_OC1BF
                0x008002b6        0x2 ./MCAL/TIM1/TIM1_prg.o
                0x008002b6                G_PTRF_TIM1_OC1BF
 .bss.G_PTRF_TIM1_ICF1
                0x008002b8        0x2 ./MCAL/TIM1/TIM1_prg.o
                0x008002b8                G_PTRF_TIM1_ICF1
 .bss.G_PTRF_TIM0_OVF
                0x008002ba        0x2 ./MCAL/TIM0/TIM0_prg.o
                0x008002ba                G_PTRF_TIM0_OVF
 .bss.G_PTRF_TIM0_CTC_OCF0B
                0x008002bc        0x2 ./MCAL/TIM0/TIM0_prg.o
                0x008002bc                G_PTRF_TIM0_CTC_OCF0B
 .bss.G_PTRF_TIM0_CTC_OCF0A
                0x008002be        0x2 ./MCAL/TIM0/TIM0_prg.o
                0x008002be                G_PTRF_TIM0_CTC_OCF0A
 .bss.G_u16Timer0_Cov
                0x008002c0        0x2 ./MCAL/TIM0/TIM0_prg.o
                0x008002c0                G_u16Timer0_Cov
 .bss.G_u8Timer0_Preload_Val
                0x008002c2        0x1 ./MCAL/TIM0/TIM0_prg.o
                0x008002c2                G_u8Timer0_Preload_Val
 .bss.G_u8Timer0_OcrVal
                0x008002c3        0x1 ./MCAL/TIM0/TIM0_prg.o
                0x008002c3                G_u8Timer0_OcrVal
 .bss.G_u16ISRCounter
                0x008002c4        0x2 ./MCAL/TIM0/TIM0_prg.o
 .bss.G_ISR_ADC
                0x008002c6        0x2 ./MCAL/ADC/ADC_prg.o
 .bss.G_f32CurrentBPM
                0x008002c8        0x4 ./HAL/HR_OXIMETER/HR_OXIMETER_prg.o
 .bss.G_f32CurrentSaO2Value
                0x008002cc        0x4 ./HAL/HR_OXIMETER/HR_OXIMETER_prg.o
 .bss.L_u32LastBeat.1692
                0x008002d0        0x4 ./HAL/HR_OXIMETER/HR_OXIMETER_prg.o
 .bss.L_u32CurrentBeat.1691
                0x008002d4        0x4 ./HAL/HR_OXIMETER/HR_OXIMETER_prg.o
 .bss.L_u8ValuesWentDown.1690
                0x008002d8        0x1 ./HAL/HR_OXIMETER/HR_OXIMETER_prg.o
 .bss.L_f32PrevSensorValue.1689
                0x008002d9        0x4 ./HAL/HR_OXIMETER/HR_OXIMETER_prg.o
 .bss.G_f32IrAcValueSqSum
                0x008002dd        0x4 ./HAL/HR_OXIMETER/HR_OXIMETER_prg.o
 .bss.G_f32RedAcValueSqSum
                0x008002e1        0x4 ./HAL/HR_OXIMETER/HR_OXIMETER_prg.o
 .bss.G_u8PulsesNum
                0x008002e5        0x1 ./HAL/HR_OXIMETER/HR_OXIMETER_prg.o
 .bss.G_u8CurrentPulseDetectorState
                0x008002e6        0x1 ./HAL/HR_OXIMETER/HR_OXIMETER_prg.o
 .bss.G_f32ValuesBPM
                0x008002e7       0x78 ./HAL/HR_OXIMETER/HR_OXIMETER_prg.o
 .bss.G_f32ValuesBPMSum
                0x0080035f        0x4 ./HAL/HR_OXIMETER/HR_OXIMETER_prg.o
 .bss.G_u8ValuesBPMCount
                0x00800363        0x1 ./HAL/HR_OXIMETER/HR_OXIMETER_prg.o
 .bss.G_u8BPMIndex
                0x00800364        0x1 ./HAL/HR_OXIMETER/HR_OXIMETER_prg.o
 .bss.G_u32LastBeatThreshold
                0x00800365        0x4 ./HAL/HR_OXIMETER/HR_OXIMETER_prg.o
 .bss.acceleration
                0x00800369       0x10 ./App/main.o
 .bss.pulseOximeter
                0x00800379        0x2 ./App/main.o
 *(COMMON)
 COMMON         0x0080037b        0x4 ./MCAL/EXTI/EXTI_prg.o
                0x0080037b                G_ISR_INT1_ptr
                0x0080037d                G_ISR_INT0_ptr
 COMMON         0x0080037f       0x8a ./HAL/HR_OXIMETER/HR_OXIMETER_prg.o
                0x0080037f                accelerometer
                0x0080038f                lpbFilterIR
                0x0080039b                dcFilterIR
                0x008003a3                meanDiffIR
                0x008003f9                G_sample
                0x00800401                dcFilterRed
 COMMON         0x00800409      0x109 ./App/main.o
                0x00800409                batteryJson
                0x00800413                timeJson
                0x0080042c                maxJson
                0x0080044a                myJson
                0x00800512                PROVIDE (__bss_end, .)
                0x00004066                __data_load_start = LOADADDR (.data)
                0x00004208                __data_load_end = (__data_load_start + SIZEOF (.data))

.noinit         0x00800512        0x0
                0x00800512                PROVIDE (__noinit_start, .)
 *(.noinit*)
                0x00800512                PROVIDE (__noinit_end, .)
                0x00800512                _end = .
                0x00800512                PROVIDE (__heap_start, .)

.eeprom         0x00810000        0x0
 *(.eeprom*)
                0x00810000                __eeprom_end = .

.fuse
 *(.fuse)
 *(.lfuse)
 *(.hfuse)
 *(.efuse)

.lock
 *(.lock*)

.signature
 *(.signature*)

.stab
 *(.stab)

.stabstr
 *(.stabstr)

.stab.excl
 *(.stab.excl)

.stab.exclstr
 *(.stab.exclstr)

.stab.index
 *(.stab.index)

.stab.indexstr
 *(.stab.indexstr)

.comment
 *(.comment)

.debug
 *(.debug)

.line
 *(.line)

.debug_srcinfo
 *(.debug_srcinfo)

.debug_sfnames
 *(.debug_sfnames)

.debug_aranges  0x00000000      0x1c0
 *(.debug_aranges)
 .debug_aranges
                0x00000000       0x20 c:/users/20109/onedrive/desktop/imt/tools/imt_sdk_win_64/winavr/bin/../lib/gcc/avr/4.3.3/avr5\libgcc.a(_fixunssfsi.o)
 .debug_aranges
                0x00000020       0x20 c:/users/20109/onedrive/desktop/imt/tools/imt_sdk_win_64/winavr/bin/../lib/gcc/avr/4.3.3/avr5\libgcc.a(_addsub_sf.o)
 .debug_aranges
                0x00000040       0x20 c:/users/20109/onedrive/desktop/imt/tools/imt_sdk_win_64/winavr/bin/../lib/gcc/avr/4.3.3/avr5\libgcc.a(_mul_sf.o)
 .debug_aranges
                0x00000060       0x20 c:/users/20109/onedrive/desktop/imt/tools/imt_sdk_win_64/winavr/bin/../lib/gcc/avr/4.3.3/avr5\libgcc.a(_div_sf.o)
 .debug_aranges
                0x00000080       0x20 c:/users/20109/onedrive/desktop/imt/tools/imt_sdk_win_64/winavr/bin/../lib/gcc/avr/4.3.3/avr5\libgcc.a(_gt_sf.o)
 .debug_aranges
                0x000000a0       0x20 c:/users/20109/onedrive/desktop/imt/tools/imt_sdk_win_64/winavr/bin/../lib/gcc/avr/4.3.3/avr5\libgcc.a(_ge_sf.o)
 .debug_aranges
                0x000000c0       0x20 c:/users/20109/onedrive/desktop/imt/tools/imt_sdk_win_64/winavr/bin/../lib/gcc/avr/4.3.3/avr5\libgcc.a(_lt_sf.o)
 .debug_aranges
                0x000000e0       0x20 c:/users/20109/onedrive/desktop/imt/tools/imt_sdk_win_64/winavr/bin/../lib/gcc/avr/4.3.3/avr5\libgcc.a(_si_to_sf.o)
 .debug_aranges
                0x00000100       0x20 c:/users/20109/onedrive/desktop/imt/tools/imt_sdk_win_64/winavr/bin/../lib/gcc/avr/4.3.3/avr5\libgcc.a(_sf_to_si.o)
 .debug_aranges
                0x00000120       0x20 c:/users/20109/onedrive/desktop/imt/tools/imt_sdk_win_64/winavr/bin/../lib/gcc/avr/4.3.3/avr5\libgcc.a(_usi_to_sf.o)
 .debug_aranges
                0x00000140       0x20 c:/users/20109/onedrive/desktop/imt/tools/imt_sdk_win_64/winavr/bin/../lib/gcc/avr/4.3.3/avr5\libgcc.a(_clzsi2.o)
 .debug_aranges
                0x00000160       0x20 c:/users/20109/onedrive/desktop/imt/tools/imt_sdk_win_64/winavr/bin/../lib/gcc/avr/4.3.3/avr5\libgcc.a(_pack_sf.o)
 .debug_aranges
                0x00000180       0x20 c:/users/20109/onedrive/desktop/imt/tools/imt_sdk_win_64/winavr/bin/../lib/gcc/avr/4.3.3/avr5\libgcc.a(_unpack_sf.o)
 .debug_aranges
                0x000001a0       0x20 c:/users/20109/onedrive/desktop/imt/tools/imt_sdk_win_64/winavr/bin/../lib/gcc/avr/4.3.3/avr5\libgcc.a(_fpcmp_parts_sf.o)

.debug_pubnames
                0x00000000      0x214
 *(.debug_pubnames)
 .debug_pubnames
                0x00000000       0x23 c:/users/20109/onedrive/desktop/imt/tools/imt_sdk_win_64/winavr/bin/../lib/gcc/avr/4.3.3/avr5\libgcc.a(_fixunssfsi.o)
 .debug_pubnames
                0x00000023       0x2c c:/users/20109/onedrive/desktop/imt/tools/imt_sdk_win_64/winavr/bin/../lib/gcc/avr/4.3.3/avr5\libgcc.a(_addsub_sf.o)
 .debug_pubnames
                0x0000004f       0x1f c:/users/20109/onedrive/desktop/imt/tools/imt_sdk_win_64/winavr/bin/../lib/gcc/avr/4.3.3/avr5\libgcc.a(_mul_sf.o)
 .debug_pubnames
                0x0000006e       0x1f c:/users/20109/onedrive/desktop/imt/tools/imt_sdk_win_64/winavr/bin/../lib/gcc/avr/4.3.3/avr5\libgcc.a(_div_sf.o)
 .debug_pubnames
                0x0000008d       0x1e c:/users/20109/onedrive/desktop/imt/tools/imt_sdk_win_64/winavr/bin/../lib/gcc/avr/4.3.3/avr5\libgcc.a(_gt_sf.o)
 .debug_pubnames
                0x000000ab       0x1e c:/users/20109/onedrive/desktop/imt/tools/imt_sdk_win_64/winavr/bin/../lib/gcc/avr/4.3.3/avr5\libgcc.a(_ge_sf.o)
 .debug_pubnames
                0x000000c9       0x1e c:/users/20109/onedrive/desktop/imt/tools/imt_sdk_win_64/winavr/bin/../lib/gcc/avr/4.3.3/avr5\libgcc.a(_lt_sf.o)
 .debug_pubnames
                0x000000e7       0x22 c:/users/20109/onedrive/desktop/imt/tools/imt_sdk_win_64/winavr/bin/../lib/gcc/avr/4.3.3/avr5\libgcc.a(_si_to_sf.o)
 .debug_pubnames
                0x00000109       0x20 c:/users/20109/onedrive/desktop/imt/tools/imt_sdk_win_64/winavr/bin/../lib/gcc/avr/4.3.3/avr5\libgcc.a(_sf_to_si.o)
 .debug_pubnames
                0x00000129       0x22 c:/users/20109/onedrive/desktop/imt/tools/imt_sdk_win_64/winavr/bin/../lib/gcc/avr/4.3.3/avr5\libgcc.a(_thenan_sf.o)
 .debug_pubnames
                0x0000014b       0x24 c:/users/20109/onedrive/desktop/imt/tools/imt_sdk_win_64/winavr/bin/../lib/gcc/avr/4.3.3/avr5\libgcc.a(_usi_to_sf.o)
 .debug_pubnames
                0x0000016f       0x1f c:/users/20109/onedrive/desktop/imt/tools/imt_sdk_win_64/winavr/bin/../lib/gcc/avr/4.3.3/avr5\libgcc.a(_clzsi2.o)
 .debug_pubnames
                0x0000018e       0x1f c:/users/20109/onedrive/desktop/imt/tools/imt_sdk_win_64/winavr/bin/../lib/gcc/avr/4.3.3/avr5\libgcc.a(_pack_sf.o)
 .debug_pubnames
                0x000001ad       0x21 c:/users/20109/onedrive/desktop/imt/tools/imt_sdk_win_64/winavr/bin/../lib/gcc/avr/4.3.3/avr5\libgcc.a(_unpack_sf.o)
 .debug_pubnames
                0x000001ce       0x26 c:/users/20109/onedrive/desktop/imt/tools/imt_sdk_win_64/winavr/bin/../lib/gcc/avr/4.3.3/avr5\libgcc.a(_fpcmp_parts_sf.o)
 .debug_pubnames
                0x000001f4       0x20 c:/users/20109/onedrive/desktop/imt/tools/imt_sdk_win_64/winavr/bin/../lib/gcc/avr/4.3.3/avr5\libgcc.a(_clz.o)

.debug_info     0x00000000     0x2612
 *(.debug_info)
 .debug_info    0x00000000       0xb1 c:/users/20109/onedrive/desktop/imt/tools/imt_sdk_win_64/winavr/bin/../lib/gcc/avr/4.3.3/avr5\libgcc.a(_fixunssfsi.o)
 .debug_info    0x000000b1      0x47a c:/users/20109/onedrive/desktop/imt/tools/imt_sdk_win_64/winavr/bin/../lib/gcc/avr/4.3.3/avr5\libgcc.a(_addsub_sf.o)
 .debug_info    0x0000052b      0x485 c:/users/20109/onedrive/desktop/imt/tools/imt_sdk_win_64/winavr/bin/../lib/gcc/avr/4.3.3/avr5\libgcc.a(_mul_sf.o)
 .debug_info    0x000009b0      0x3fc c:/users/20109/onedrive/desktop/imt/tools/imt_sdk_win_64/winavr/bin/../lib/gcc/avr/4.3.3/avr5\libgcc.a(_div_sf.o)
 .debug_info    0x00000dac      0x27f c:/users/20109/onedrive/desktop/imt/tools/imt_sdk_win_64/winavr/bin/../lib/gcc/avr/4.3.3/avr5\libgcc.a(_gt_sf.o)
 .debug_info    0x0000102b      0x27f c:/users/20109/onedrive/desktop/imt/tools/imt_sdk_win_64/winavr/bin/../lib/gcc/avr/4.3.3/avr5\libgcc.a(_ge_sf.o)
 .debug_info    0x000012aa      0x27f c:/users/20109/onedrive/desktop/imt/tools/imt_sdk_win_64/winavr/bin/../lib/gcc/avr/4.3.3/avr5\libgcc.a(_lt_sf.o)
 .debug_info    0x00001529      0x207 c:/users/20109/onedrive/desktop/imt/tools/imt_sdk_win_64/winavr/bin/../lib/gcc/avr/4.3.3/avr5\libgcc.a(_si_to_sf.o)
 .debug_info    0x00001730      0x2b0 c:/users/20109/onedrive/desktop/imt/tools/imt_sdk_win_64/winavr/bin/../lib/gcc/avr/4.3.3/avr5\libgcc.a(_sf_to_si.o)
 .debug_info    0x000019e0      0x12c c:/users/20109/onedrive/desktop/imt/tools/imt_sdk_win_64/winavr/bin/../lib/gcc/avr/4.3.3/avr5\libgcc.a(_thenan_sf.o)
 .debug_info    0x00001b0c      0x206 c:/users/20109/onedrive/desktop/imt/tools/imt_sdk_win_64/winavr/bin/../lib/gcc/avr/4.3.3/avr5\libgcc.a(_usi_to_sf.o)
 .debug_info    0x00001d12      0x117 c:/users/20109/onedrive/desktop/imt/tools/imt_sdk_win_64/winavr/bin/../lib/gcc/avr/4.3.3/avr5\libgcc.a(_clzsi2.o)
 .debug_info    0x00001e29      0x2df c:/users/20109/onedrive/desktop/imt/tools/imt_sdk_win_64/winavr/bin/../lib/gcc/avr/4.3.3/avr5\libgcc.a(_pack_sf.o)
 .debug_info    0x00002108      0x251 c:/users/20109/onedrive/desktop/imt/tools/imt_sdk_win_64/winavr/bin/../lib/gcc/avr/4.3.3/avr5\libgcc.a(_unpack_sf.o)
 .debug_info    0x00002359      0x210 c:/users/20109/onedrive/desktop/imt/tools/imt_sdk_win_64/winavr/bin/../lib/gcc/avr/4.3.3/avr5\libgcc.a(_fpcmp_parts_sf.o)
 .debug_info    0x00002569       0xa9 c:/users/20109/onedrive/desktop/imt/tools/imt_sdk_win_64/winavr/bin/../lib/gcc/avr/4.3.3/avr5\libgcc.a(_clz.o)
 *(.gnu.linkonce.wi.*)

.debug_abbrev   0x00000000     0x14ce
 *(.debug_abbrev)
 .debug_abbrev  0x00000000       0x5d c:/users/20109/onedrive/desktop/imt/tools/imt_sdk_win_64/winavr/bin/../lib/gcc/avr/4.3.3/avr5\libgcc.a(_fixunssfsi.o)
 .debug_abbrev  0x0000005d      0x1ea c:/users/20109/onedrive/desktop/imt/tools/imt_sdk_win_64/winavr/bin/../lib/gcc/avr/4.3.3/avr5\libgcc.a(_addsub_sf.o)
 .debug_abbrev  0x00000247      0x21b c:/users/20109/onedrive/desktop/imt/tools/imt_sdk_win_64/winavr/bin/../lib/gcc/avr/4.3.3/avr5\libgcc.a(_mul_sf.o)
 .debug_abbrev  0x00000462      0x216 c:/users/20109/onedrive/desktop/imt/tools/imt_sdk_win_64/winavr/bin/../lib/gcc/avr/4.3.3/avr5\libgcc.a(_div_sf.o)
 .debug_abbrev  0x00000678      0x15a c:/users/20109/onedrive/desktop/imt/tools/imt_sdk_win_64/winavr/bin/../lib/gcc/avr/4.3.3/avr5\libgcc.a(_gt_sf.o)
 .debug_abbrev  0x000007d2      0x15a c:/users/20109/onedrive/desktop/imt/tools/imt_sdk_win_64/winavr/bin/../lib/gcc/avr/4.3.3/avr5\libgcc.a(_ge_sf.o)
 .debug_abbrev  0x0000092c      0x15a c:/users/20109/onedrive/desktop/imt/tools/imt_sdk_win_64/winavr/bin/../lib/gcc/avr/4.3.3/avr5\libgcc.a(_lt_sf.o)
 .debug_abbrev  0x00000a86      0x148 c:/users/20109/onedrive/desktop/imt/tools/imt_sdk_win_64/winavr/bin/../lib/gcc/avr/4.3.3/avr5\libgcc.a(_si_to_sf.o)
 .debug_abbrev  0x00000bce      0x17f c:/users/20109/onedrive/desktop/imt/tools/imt_sdk_win_64/winavr/bin/../lib/gcc/avr/4.3.3/avr5\libgcc.a(_sf_to_si.o)
 .debug_abbrev  0x00000d4d       0xad c:/users/20109/onedrive/desktop/imt/tools/imt_sdk_win_64/winavr/bin/../lib/gcc/avr/4.3.3/avr5\libgcc.a(_thenan_sf.o)
 .debug_abbrev  0x00000dfa      0x157 c:/users/20109/onedrive/desktop/imt/tools/imt_sdk_win_64/winavr/bin/../lib/gcc/avr/4.3.3/avr5\libgcc.a(_usi_to_sf.o)
 .debug_abbrev  0x00000f51       0xc4 c:/users/20109/onedrive/desktop/imt/tools/imt_sdk_win_64/winavr/bin/../lib/gcc/avr/4.3.3/avr5\libgcc.a(_clzsi2.o)
 .debug_abbrev  0x00001015      0x1c0 c:/users/20109/onedrive/desktop/imt/tools/imt_sdk_win_64/winavr/bin/../lib/gcc/avr/4.3.3/avr5\libgcc.a(_pack_sf.o)
 .debug_abbrev  0x000011d5      0x154 c:/users/20109/onedrive/desktop/imt/tools/imt_sdk_win_64/winavr/bin/../lib/gcc/avr/4.3.3/avr5\libgcc.a(_unpack_sf.o)
 .debug_abbrev  0x00001329      0x13b c:/users/20109/onedrive/desktop/imt/tools/imt_sdk_win_64/winavr/bin/../lib/gcc/avr/4.3.3/avr5\libgcc.a(_fpcmp_parts_sf.o)
 .debug_abbrev  0x00001464       0x6a c:/users/20109/onedrive/desktop/imt/tools/imt_sdk_win_64/winavr/bin/../lib/gcc/avr/4.3.3/avr5\libgcc.a(_clz.o)

.debug_line     0x00000000     0x130b
 *(.debug_line)
 .debug_line    0x00000000       0xa7 c:/users/20109/onedrive/desktop/imt/tools/imt_sdk_win_64/winavr/bin/../lib/gcc/avr/4.3.3/avr5\libgcc.a(_fixunssfsi.o)
 .debug_line    0x000000a7      0x2af c:/users/20109/onedrive/desktop/imt/tools/imt_sdk_win_64/winavr/bin/../lib/gcc/avr/4.3.3/avr5\libgcc.a(_addsub_sf.o)
 .debug_line    0x00000356      0x239 c:/users/20109/onedrive/desktop/imt/tools/imt_sdk_win_64/winavr/bin/../lib/gcc/avr/4.3.3/avr5\libgcc.a(_mul_sf.o)
 .debug_line    0x0000058f      0x1d5 c:/users/20109/onedrive/desktop/imt/tools/imt_sdk_win_64/winavr/bin/../lib/gcc/avr/4.3.3/avr5\libgcc.a(_div_sf.o)
 .debug_line    0x00000764       0xd3 c:/users/20109/onedrive/desktop/imt/tools/imt_sdk_win_64/winavr/bin/../lib/gcc/avr/4.3.3/avr5\libgcc.a(_gt_sf.o)
 .debug_line    0x00000837       0xd3 c:/users/20109/onedrive/desktop/imt/tools/imt_sdk_win_64/winavr/bin/../lib/gcc/avr/4.3.3/avr5\libgcc.a(_ge_sf.o)
 .debug_line    0x0000090a       0xd3 c:/users/20109/onedrive/desktop/imt/tools/imt_sdk_win_64/winavr/bin/../lib/gcc/avr/4.3.3/avr5\libgcc.a(_lt_sf.o)
 .debug_line    0x000009dd      0x135 c:/users/20109/onedrive/desktop/imt/tools/imt_sdk_win_64/winavr/bin/../lib/gcc/avr/4.3.3/avr5\libgcc.a(_si_to_sf.o)
 .debug_line    0x00000b12      0x109 c:/users/20109/onedrive/desktop/imt/tools/imt_sdk_win_64/winavr/bin/../lib/gcc/avr/4.3.3/avr5\libgcc.a(_sf_to_si.o)
 .debug_line    0x00000c1b       0x90 c:/users/20109/onedrive/desktop/imt/tools/imt_sdk_win_64/winavr/bin/../lib/gcc/avr/4.3.3/avr5\libgcc.a(_thenan_sf.o)
 .debug_line    0x00000cab      0x133 c:/users/20109/onedrive/desktop/imt/tools/imt_sdk_win_64/winavr/bin/../lib/gcc/avr/4.3.3/avr5\libgcc.a(_usi_to_sf.o)
 .debug_line    0x00000dde       0xa5 c:/users/20109/onedrive/desktop/imt/tools/imt_sdk_win_64/winavr/bin/../lib/gcc/avr/4.3.3/avr5\libgcc.a(_clzsi2.o)
 .debug_line    0x00000e83      0x18a c:/users/20109/onedrive/desktop/imt/tools/imt_sdk_win_64/winavr/bin/../lib/gcc/avr/4.3.3/avr5\libgcc.a(_pack_sf.o)
 .debug_line    0x0000100d      0x14b c:/users/20109/onedrive/desktop/imt/tools/imt_sdk_win_64/winavr/bin/../lib/gcc/avr/4.3.3/avr5\libgcc.a(_unpack_sf.o)
 .debug_line    0x00001158      0x137 c:/users/20109/onedrive/desktop/imt/tools/imt_sdk_win_64/winavr/bin/../lib/gcc/avr/4.3.3/avr5\libgcc.a(_fpcmp_parts_sf.o)
 .debug_line    0x0000128f       0x7c c:/users/20109/onedrive/desktop/imt/tools/imt_sdk_win_64/winavr/bin/../lib/gcc/avr/4.3.3/avr5\libgcc.a(_clz.o)

.debug_frame    0x00000000      0x1e0
 *(.debug_frame)
 .debug_frame   0x00000000       0x20 c:/users/20109/onedrive/desktop/imt/tools/imt_sdk_win_64/winavr/bin/../lib/gcc/avr/4.3.3/avr5\libgcc.a(_fixunssfsi.o)
 .debug_frame   0x00000020       0x40 c:/users/20109/onedrive/desktop/imt/tools/imt_sdk_win_64/winavr/bin/../lib/gcc/avr/4.3.3/avr5\libgcc.a(_addsub_sf.o)
 .debug_frame   0x00000060       0x20 c:/users/20109/onedrive/desktop/imt/tools/imt_sdk_win_64/winavr/bin/../lib/gcc/avr/4.3.3/avr5\libgcc.a(_mul_sf.o)
 .debug_frame   0x00000080       0x20 c:/users/20109/onedrive/desktop/imt/tools/imt_sdk_win_64/winavr/bin/../lib/gcc/avr/4.3.3/avr5\libgcc.a(_div_sf.o)
 .debug_frame   0x000000a0       0x20 c:/users/20109/onedrive/desktop/imt/tools/imt_sdk_win_64/winavr/bin/../lib/gcc/avr/4.3.3/avr5\libgcc.a(_gt_sf.o)
 .debug_frame   0x000000c0       0x20 c:/users/20109/onedrive/desktop/imt/tools/imt_sdk_win_64/winavr/bin/../lib/gcc/avr/4.3.3/avr5\libgcc.a(_ge_sf.o)
 .debug_frame   0x000000e0       0x20 c:/users/20109/onedrive/desktop/imt/tools/imt_sdk_win_64/winavr/bin/../lib/gcc/avr/4.3.3/avr5\libgcc.a(_lt_sf.o)
 .debug_frame   0x00000100       0x20 c:/users/20109/onedrive/desktop/imt/tools/imt_sdk_win_64/winavr/bin/../lib/gcc/avr/4.3.3/avr5\libgcc.a(_si_to_sf.o)
 .debug_frame   0x00000120       0x20 c:/users/20109/onedrive/desktop/imt/tools/imt_sdk_win_64/winavr/bin/../lib/gcc/avr/4.3.3/avr5\libgcc.a(_sf_to_si.o)
 .debug_frame   0x00000140       0x20 c:/users/20109/onedrive/desktop/imt/tools/imt_sdk_win_64/winavr/bin/../lib/gcc/avr/4.3.3/avr5\libgcc.a(_usi_to_sf.o)
 .debug_frame   0x00000160       0x20 c:/users/20109/onedrive/desktop/imt/tools/imt_sdk_win_64/winavr/bin/../lib/gcc/avr/4.3.3/avr5\libgcc.a(_clzsi2.o)
 .debug_frame   0x00000180       0x20 c:/users/20109/onedrive/desktop/imt/tools/imt_sdk_win_64/winavr/bin/../lib/gcc/avr/4.3.3/avr5\libgcc.a(_pack_sf.o)
 .debug_frame   0x000001a0       0x20 c:/users/20109/onedrive/desktop/imt/tools/imt_sdk_win_64/winavr/bin/../lib/gcc/avr/4.3.3/avr5\libgcc.a(_unpack_sf.o)
 .debug_frame   0x000001c0       0x20 c:/users/20109/onedrive/desktop/imt/tools/imt_sdk_win_64/winavr/bin/../lib/gcc/avr/4.3.3/avr5\libgcc.a(_fpcmp_parts_sf.o)

.debug_str      0x00000000      0x307
 *(.debug_str)
 .debug_str     0x00000000       0xbf c:/users/20109/onedrive/desktop/imt/tools/imt_sdk_win_64/winavr/bin/../lib/gcc/avr/4.3.3/avr5\libgcc.a(_fixunssfsi.o)
                                 0xfe (size before relaxing)
 .debug_str     0x000000bf      0x14d c:/users/20109/onedrive/desktop/imt/tools/imt_sdk_win_64/winavr/bin/../lib/gcc/avr/4.3.3/avr5\libgcc.a(_addsub_sf.o)
                                0x206 (size before relaxing)
 .debug_str     0x0000020c       0x27 c:/users/20109/onedrive/desktop/imt/tools/imt_sdk_win_64/winavr/bin/../lib/gcc/avr/4.3.3/avr5\libgcc.a(_mul_sf.o)
                                0x1bf (size before relaxing)
 .debug_str     0x00000233       0x35 c:/users/20109/onedrive/desktop/imt/tools/imt_sdk_win_64/winavr/bin/../lib/gcc/avr/4.3.3/avr5\libgcc.a(_div_sf.o)
                                0x1c8 (size before relaxing)
 .debug_str     0x00000268        0x8 c:/users/20109/onedrive/desktop/imt/tools/imt_sdk_win_64/winavr/bin/../lib/gcc/avr/4.3.3/avr5\libgcc.a(_gt_sf.o)
                                0x195 (size before relaxing)
 .debug_str     0x00000270        0x8 c:/users/20109/onedrive/desktop/imt/tools/imt_sdk_win_64/winavr/bin/../lib/gcc/avr/4.3.3/avr5\libgcc.a(_ge_sf.o)
                                0x195 (size before relaxing)
 .debug_str     0x00000278        0x8 c:/users/20109/onedrive/desktop/imt/tools/imt_sdk_win_64/winavr/bin/../lib/gcc/avr/4.3.3/avr5\libgcc.a(_lt_sf.o)
                                0x195 (size before relaxing)
 .debug_str     0x00000280       0x1e c:/users/20109/onedrive/desktop/imt/tools/imt_sdk_win_64/winavr/bin/../lib/gcc/avr/4.3.3/avr5\libgcc.a(_si_to_sf.o)
                                0x17b (size before relaxing)
 .debug_str     0x0000029e        0xa c:/users/20109/onedrive/desktop/imt/tools/imt_sdk_win_64/winavr/bin/../lib/gcc/avr/4.3.3/avr5\libgcc.a(_sf_to_si.o)
                                0x19e (size before relaxing)
 .debug_str     0x00000000      0x103 c:/users/20109/onedrive/desktop/imt/tools/imt_sdk_win_64/winavr/bin/../lib/gcc/avr/4.3.3/avr5\libgcc.a(_thenan_sf.o)
 .debug_str     0x000002a8       0x14 c:/users/20109/onedrive/desktop/imt/tools/imt_sdk_win_64/winavr/bin/../lib/gcc/avr/4.3.3/avr5\libgcc.a(_usi_to_sf.o)
                                0x177 (size before relaxing)
 .debug_str     0x000002bc       0x20 c:/users/20109/onedrive/desktop/imt/tools/imt_sdk_win_64/winavr/bin/../lib/gcc/avr/4.3.3/avr5\libgcc.a(_clzsi2.o)
                                0x111 (size before relaxing)
 .debug_str     0x000002dc       0x10 c:/users/20109/onedrive/desktop/imt/tools/imt_sdk_win_64/winavr/bin/../lib/gcc/avr/4.3.3/avr5\libgcc.a(_pack_sf.o)
                                0x19d (size before relaxing)
 .debug_str     0x000002ec        0xb c:/users/20109/onedrive/desktop/imt/tools/imt_sdk_win_64/winavr/bin/../lib/gcc/avr/4.3.3/avr5\libgcc.a(_unpack_sf.o)
                                0x17f (size before relaxing)
 .debug_str     0x000002f7       0x10 c:/users/20109/onedrive/desktop/imt/tools/imt_sdk_win_64/winavr/bin/../lib/gcc/avr/4.3.3/avr5\libgcc.a(_fpcmp_parts_sf.o)
                                0x163 (size before relaxing)
 .debug_str     0x00000000       0xf4 c:/users/20109/onedrive/desktop/imt/tools/imt_sdk_win_64/winavr/bin/../lib/gcc/avr/4.3.3/avr5\libgcc.a(_clz.o)

.debug_loc      0x00000000      0xa1a
 *(.debug_loc)
 .debug_loc     0x00000000       0x34 c:/users/20109/onedrive/desktop/imt/tools/imt_sdk_win_64/winavr/bin/../lib/gcc/avr/4.3.3/avr5\libgcc.a(_fixunssfsi.o)
 .debug_loc     0x00000034      0x32a c:/users/20109/onedrive/desktop/imt/tools/imt_sdk_win_64/winavr/bin/../lib/gcc/avr/4.3.3/avr5\libgcc.a(_addsub_sf.o)
 .debug_loc     0x0000035e      0x104 c:/users/20109/onedrive/desktop/imt/tools/imt_sdk_win_64/winavr/bin/../lib/gcc/avr/4.3.3/avr5\libgcc.a(_mul_sf.o)
 .debug_loc     0x00000462       0xc0 c:/users/20109/onedrive/desktop/imt/tools/imt_sdk_win_64/winavr/bin/../lib/gcc/avr/4.3.3/avr5\libgcc.a(_div_sf.o)
 .debug_loc     0x00000522       0x3c c:/users/20109/onedrive/desktop/imt/tools/imt_sdk_win_64/winavr/bin/../lib/gcc/avr/4.3.3/avr5\libgcc.a(_gt_sf.o)
 .debug_loc     0x0000055e       0x3c c:/users/20109/onedrive/desktop/imt/tools/imt_sdk_win_64/winavr/bin/../lib/gcc/avr/4.3.3/avr5\libgcc.a(_ge_sf.o)
 .debug_loc     0x0000059a       0x3c c:/users/20109/onedrive/desktop/imt/tools/imt_sdk_win_64/winavr/bin/../lib/gcc/avr/4.3.3/avr5\libgcc.a(_lt_sf.o)
 .debug_loc     0x000005d6       0xac c:/users/20109/onedrive/desktop/imt/tools/imt_sdk_win_64/winavr/bin/../lib/gcc/avr/4.3.3/avr5\libgcc.a(_si_to_sf.o)
 .debug_loc     0x00000682       0x7e c:/users/20109/onedrive/desktop/imt/tools/imt_sdk_win_64/winavr/bin/../lib/gcc/avr/4.3.3/avr5\libgcc.a(_sf_to_si.o)
 .debug_loc     0x00000700       0x4c c:/users/20109/onedrive/desktop/imt/tools/imt_sdk_win_64/winavr/bin/../lib/gcc/avr/4.3.3/avr5\libgcc.a(_usi_to_sf.o)
 .debug_loc     0x0000074c       0x94 c:/users/20109/onedrive/desktop/imt/tools/imt_sdk_win_64/winavr/bin/../lib/gcc/avr/4.3.3/avr5\libgcc.a(_clzsi2.o)
 .debug_loc     0x000007e0      0x13e c:/users/20109/onedrive/desktop/imt/tools/imt_sdk_win_64/winavr/bin/../lib/gcc/avr/4.3.3/avr5\libgcc.a(_pack_sf.o)
 .debug_loc     0x0000091e       0xac c:/users/20109/onedrive/desktop/imt/tools/imt_sdk_win_64/winavr/bin/../lib/gcc/avr/4.3.3/avr5\libgcc.a(_unpack_sf.o)
 .debug_loc     0x000009ca       0x50 c:/users/20109/onedrive/desktop/imt/tools/imt_sdk_win_64/winavr/bin/../lib/gcc/avr/4.3.3/avr5\libgcc.a(_fpcmp_parts_sf.o)

.debug_macinfo
 *(.debug_macinfo)
OUTPUT(SWIDRO_Final.elf elf32-avr)
LOAD linker stubs

.debug_ranges   0x00000000       0x50
 .debug_ranges  0x00000000       0x50 c:/users/20109/onedrive/desktop/imt/tools/imt_sdk_win_64/winavr/bin/../lib/gcc/avr/4.3.3/avr5\libgcc.a(_mul_sf.o)
